c:\windhawk\appdata\engine\modswritable\mod-status\13880_134125401151011283_65812_explorer-details-better-file-sizes
c:\users\shadowevil\source\repos2\new folder\helbreathserver\sources\client\obj\debug\mapdata.obj
c:\users\shadowevil\source\repos2\new folder\helbreathserver\sources\client\obj\debug\gamemonitor.obj
c:\users\shadowevil\source\repos2\new folder\helbreathserver\sources\client\obj\debug\mydib.obj
c:\users\shadowevil\source\repos2\new folder\helbreathserver\sources\client\obj\debug\effect.obj
c:\users\shadowevil\source\repos2\new folder\helbreathserver\sources\client\obj\debug\curse.obj
c:\users\shadowevil\source\repos2\new folder\helbreathserver\sources\client\obj\debug\strtok.obj
c:\users\shadowevil\source\repos2\new folder\helbreathserver\sources\client\obj\debug\game.obj
c:\users\shadowevil\source\repos2\new folder\helbreathserver\sources\client\obj\debug\dxc_dinput.obj
c:\users\shadowevil\source\repos2\new folder\helbreathserver\sources\client\obj\debug\wmain.obj
c:\users\shadowevil\source\repos2\new folder\helbreathserver\sources\client\obj\debug\builditem.obj
c:\users\shadowevil\source\repos2\new folder\helbreathserver\sources\client\obj\debug\tile.obj
c:\users\shadowevil\source\repos2\new folder\helbreathserver\sources\client\obj\debug\dxc_ddraw.obj
c:\users\shadowevil\source\repos2\new folder\helbreathserver\sources\client\obj\debug\msg.obj
c:\users\shadowevil\source\repos2\new folder\helbreathserver\sources\client\obj\debug\tilespr.obj
c:\users\shadowevil\source\repos2\new folder\helbreathserver\sources\client\obj\debug\misc.obj
c:\users\shadowevil\source\repos2\new folder\helbreathserver\sources\client\obj\debug\soundbuffer.obj
c:\users\shadowevil\source\repos2\new folder\helbreathserver\sources\client\obj\debug\magic.obj
c:\users\shadowevil\source\repos2\new folder\helbreathserver\sources\client\obj\debug\dxc_dsound.obj
c:\users\shadowevil\source\repos2\new folder\helbreathserver\sources\client\obj\debug\sprite.obj
c:\users\shadowevil\source\repos2\new folder\helbreathserver\sources\client\obj\debug\skill.obj
c:\users\shadowevil\source\repos2\new folder\helbreathserver\sources\client\obj\debug\mobcounter.obj
c:\users\shadowevil\source\repos2\new folder\helbreathserver\sources\client\obj\debug\charinfo.obj
c:\users\shadowevil\source\repos2\new folder\helbreathserver\sources\client\obj\debug\mouseinterface.obj
c:\users\shadowevil\source\repos2\new folder\helbreathserver\sources\client\obj\debug\item.obj
c:\users\shadowevil\source\repos2\new folder\helbreathserver\sources\client\obj\debug\xsocket.obj
c:\users\shadowevil\source\repos2\new folder\helbreathserver\sources\client\obj\debug\itemname.obj
c:\users\shadowevil\source\repos2\new folder\helbreathserver\sources\client\obj\debug\ywsound.obj
c:\users\shadowevil\source\repos2\new folder\helbreathserver\sources\client\obj\debug\vc143.pdb
c:\windhawk\appdata\engine\modswritable\mod-status\13880_134125401151011283_72524_explorer-details-better-file-sizes
c:\users\shadowevil\source\repos2\new folder\helbreathserver\sources\client\obj\debug\resource.res
c:\users\shadowevil\source\repos2\new folder\helbreathserver\sources\client\obj\debug\vc143.idb
c:\users\shadowevil\source\repos2\new folder\helbreathserver\sources\client\obj\debug\client.vcxproj.filelistabsolute.txt
c:\users\shadowevil\source\repos2\new folder\helbreathserver\sources\client\obj\debug\client.tlog\cl.command.1.tlog
c:\users\shadowevil\source\repos2\new folder\helbreathserver\sources\client\obj\debug\client.tlog\cl.read.1.tlog
c:\users\shadowevil\source\repos2\new folder\helbreathserver\sources\client\obj\debug\client.tlog\cl.write.1.tlog
c:\users\shadowevil\source\repos2\new folder\helbreathserver\sources\client\obj\debug\client.tlog\link.command.1.tlog
c:\users\shadowevil\source\repos2\new folder\helbreathserver\sources\client\obj\debug\client.tlog\link.read.1.tlog
c:\users\shadowevil\source\repos2\new folder\helbreathserver\sources\client\obj\debug\client.tlog\link.write.1.tlog
c:\users\shadowevil\source\repos2\new folder\helbreathserver\sources\client\obj\debug\client.tlog\rc.command.1.tlog
c:\users\shadowevil\source\repos2\new folder\helbreathserver\sources\client\obj\debug\client.tlog\rc.read.1.tlog
c:\users\shadowevil\source\repos2\new folder\helbreathserver\sources\client\obj\debug\client.tlog\rc.write.1.tlog
