c:\windhawk\appdata\engine\modswritable\mod-status\13880_134125401151011283_43004_explorer-details-better-file-sizes
c:\users\shadowevil\source\repos2\new folder\helbreathserver\sources\server\obj\debug\mineral.obj
c:\users\shadowevil\source\repos2\new folder\helbreathserver\sources\server\obj\debug\portion.obj
c:\users\shadowevil\source\repos2\new folder\helbreathserver\sources\server\obj\debug\client.obj
c:\users\shadowevil\source\repos2\new folder\helbreathserver\sources\server\obj\debug\map.obj
c:\users\shadowevil\source\repos2\new folder\helbreathserver\sources\server\obj\debug\dynamicobject.obj
c:\users\shadowevil\source\repos2\new folder\helbreathserver\sources\server\obj\debug\skill.obj
c:\users\shadowevil\source\repos2\new folder\helbreathserver\sources\server\obj\debug\msg.obj
c:\users\shadowevil\source\repos2\new folder\helbreathserver\sources\server\obj\debug\misc.obj
c:\users\shadowevil\source\repos2\new folder\helbreathserver\sources\server\obj\debug\debugdialog.obj
c:\users\shadowevil\source\repos2\new folder\helbreathserver\sources\server\obj\debug\loginserver.obj
c:\users\shadowevil\source\repos2\new folder\helbreathserver\sources\server\obj\debug\npc.obj
c:\users\shadowevil\source\repos2\new folder\helbreathserver\sources\server\obj\debug\wmain.obj
c:\users\shadowevil\source\repos2\new folder\helbreathserver\sources\server\obj\debug\guildsman.obj
c:\users\shadowevil\source\repos2\new folder\helbreathserver\sources\server\obj\debug\strategicpoint.obj
c:\users\shadowevil\source\repos2\new folder\helbreathserver\sources\server\obj\debug\mobcounter.obj
c:\users\shadowevil\source\repos2\new folder\helbreathserver\sources\server\obj\debug\xsocket.obj
c:\users\shadowevil\source\repos2\new folder\helbreathserver\sources\server\obj\debug\magic.obj
c:\users\shadowevil\source\repos2\new folder\helbreathserver\sources\server\obj\debug\quest.obj
c:\users\shadowevil\source\repos2\new folder\helbreathserver\sources\server\obj\debug\item.obj
c:\users\shadowevil\source\repos2\new folder\helbreathserver\sources\server\obj\debug\tile.obj
c:\users\shadowevil\source\repos2\new folder\helbreathserver\sources\server\obj\debug\partymanager.obj
c:\users\shadowevil\source\repos2\new folder\helbreathserver\sources\server\obj\debug\enchanting.obj
c:\users\shadowevil\source\repos2\new folder\helbreathserver\sources\server\obj\debug\strtok.obj
c:\users\shadowevil\source\repos2\new folder\helbreathserver\sources\server\obj\debug\builditem.obj
c:\users\shadowevil\source\repos2\new folder\helbreathserver\sources\server\obj\debug\teleportloc.obj
c:\users\shadowevil\source\repos2\new folder\helbreathserver\sources\server\obj\debug\occupyflag.obj
c:\users\shadowevil\source\repos2\new folder\helbreathserver\sources\server\obj\debug\game.obj
c:\users\shadowevil\source\repos2\new folder\helbreathserver\sources\server\obj\debug\fish.obj
c:\users\shadowevil\source\repos2\new folder\helbreathserver\sources\server\obj\debug\delayevent.obj
c:\users\shadowevil\source\repos2\new folder\helbreathserver\sources\server\obj\debug\vc143.pdb
c:\windhawk\appdata\engine\modswritable\mod-status\13880_134125401151011283_36764_explorer-details-better-file-sizes
c:\users\shadowevil\source\repos2\new folder\helbreathserver\binaries\server\debug\hgserver_d.exe
c:\users\shadowevil\source\repos2\new folder\helbreathserver\binaries\server\debug\hgserver_d.pdb
c:\windhawk\appdata\engine\modswritable\mod-status\13880_134125401151011283_73452_explorer-details-better-file-sizes
c:\users\shadowevil\source\repos2\new folder\helbreathserver\sources\server\obj\debug\hgserver.res
c:\users\shadowevil\source\repos2\new folder\helbreathserver\sources\server\obj\debug\hgserver_d.ilk
c:\users\shadowevil\source\repos2\new folder\helbreathserver\sources\server\obj\debug\vc143.idb
c:\users\shadowevil\source\repos2\new folder\helbreathserver\sources\server\obj\debug\hgserver.vcxproj.filelistabsolute.txt
c:\users\shadowevil\source\repos2\new folder\helbreathserver\sources\server\obj\debug\hgserver.tlog\cl.command.1.tlog
c:\users\shadowevil\source\repos2\new folder\helbreathserver\sources\server\obj\debug\hgserver.tlog\cl.items.tlog
c:\users\shadowevil\source\repos2\new folder\helbreathserver\sources\server\obj\debug\hgserver.tlog\cl.read.1.tlog
c:\users\shadowevil\source\repos2\new folder\helbreathserver\sources\server\obj\debug\hgserver.tlog\cl.write.1.tlog
c:\users\shadowevil\source\repos2\new folder\helbreathserver\sources\server\obj\debug\hgserver.tlog\link.command.1.tlog
c:\users\shadowevil\source\repos2\new folder\helbreathserver\sources\server\obj\debug\hgserver.tlog\link.read.1.tlog
c:\users\shadowevil\source\repos2\new folder\helbreathserver\sources\server\obj\debug\hgserver.tlog\link.secondary.1.tlog
c:\users\shadowevil\source\repos2\new folder\helbreathserver\sources\server\obj\debug\hgserver.tlog\link.write.1.tlog
c:\users\shadowevil\source\repos2\new folder\helbreathserver\sources\server\obj\debug\hgserver.tlog\rc.command.1.tlog
c:\users\shadowevil\source\repos2\new folder\helbreathserver\sources\server\obj\debug\hgserver.tlog\rc.read.1.tlog
c:\users\shadowevil\source\repos2\new folder\helbreathserver\sources\server\obj\debug\hgserver.tlog\rc.write.1.tlog
