  BuildItem.cpp
  Client.cpp
  DebugDialog.cpp
  DelayEvent.cpp
  DynamicObject.cpp
  Enchanting.cpp
  Fish.cpp
  Game.cpp
  GuildsMan.cpp
  Item.cpp
  LoginServer.cpp
  Magic.cpp
  Map.cpp
  Mineral.cpp
  Misc.cpp
  MobCounter.cpp
  Msg.cpp
  Npc.cpp
  OccupyFlag.cpp
  PartyManager.cpp
  Portion.cpp
C:\Users\ShadowEvil\source\repos2\New folder\HelbreathServer\Sources\Server\DebugDialog.cpp(85,10): warning C4018: '<': signed/unsigned mismatch
C:\Users\ShadowEvil\source\repos2\New folder\HelbreathServer\Sources\Server\DebugDialog.cpp(88,26): warning C4018: '<': signed/unsigned mismatch
C:\Users\ShadowEvil\source\repos2\New folder\HelbreathServer\Sources\Server\DebugDialog.cpp(97,26): warning C4018: '<': signed/unsigned mismatch
  Quest.cpp
  Skill.cpp
  StrategicPoint.cpp
  StrTok.cpp
  TeleportLoc.cpp
  Tile.cpp
  wmain.cpp
  XSocket.cpp
  CrusadeCore.cpp
C:\Users\ShadowEvil\source\repos2\New folder\HelbreathServer\Sources\Server\Client.cpp(449,18): error C2664: 'std::string CClient::getvalue(std::string,char *)': cannot convert argument 2 from 'const char [5]' to 'char *'
      C:\Users\ShadowEvil\source\repos2\New folder\HelbreathServer\Sources\Server\Client.cpp(449,35):
      Conversion from string literal loses const qualifier (see /Zc:strictStrings)
      C:\Users\ShadowEvil\source\repos2\New folder\HelbreathServer\Sources\Server\Client.cpp(424,17):
      see declaration of 'CClient::getvalue'
      C:\Users\ShadowEvil\source\repos2\New folder\HelbreathServer\Sources\Server\Client.cpp(449,18):
      while trying to match the argument list '(char [512], const char [5])'
  
C:\Users\ShadowEvil\source\repos2\New folder\HelbreathServer\Sources\Server\Client.cpp(522,19): error C2664: 'std::string CClient::getvalue(std::string,char *)': cannot convert argument 2 from 'const char [7]' to 'char *'
      C:\Users\ShadowEvil\source\repos2\New folder\HelbreathServer\Sources\Server\Client.cpp(522,36):
      Conversion from string literal loses const qualifier (see /Zc:strictStrings)
      C:\Users\ShadowEvil\source\repos2\New folder\HelbreathServer\Sources\Server\Client.cpp(424,17):
      see declaration of 'CClient::getvalue'
      C:\Users\ShadowEvil\source\repos2\New folder\HelbreathServer\Sources\Server\Client.cpp(522,19):
      while trying to match the argument list '(char [512], const char [7])'
  
C:\Users\ShadowEvil\source\repos2\New folder\HelbreathServer\Sources\Server\Client.cpp(603,19): error C2664: 'std::string CClient::getvalue(std::string,char *)': cannot convert argument 2 from 'const char [10]' to 'char *'
      C:\Users\ShadowEvil\source\repos2\New folder\HelbreathServer\Sources\Server\Client.cpp(603,36):
      Conversion from string literal loses const qualifier (see /Zc:strictStrings)
      C:\Users\ShadowEvil\source\repos2\New folder\HelbreathServer\Sources\Server\Client.cpp(424,17):
      see declaration of 'CClient::getvalue'
      C:\Users\ShadowEvil\source\repos2\New folder\HelbreathServer\Sources\Server\Client.cpp(603,19):
      while trying to match the argument list '(char [512], const char [10])'
  
C:\Users\ShadowEvil\source\repos2\New folder\HelbreathServer\Sources\Server\Game.h(220,14): error C2039: 'any_of': is not a member of 'std'
  (compiling source file 'PartyManager.cpp')
      C:\Program Files\Microsoft Visual Studio\18\Community\VC\Tools\MSVC\14.44.35207\include\fstream(20,1):
      see declaration of 'std'
  
C:\Users\ShadowEvil\source\repos2\New folder\HelbreathServer\Sources\Server\Game.h(220,14): error C2039: 'any_of': is not a member of 'std'
  (compiling source file 'Map.cpp')
      C:\Program Files\Microsoft Visual Studio\18\Community\VC\Tools\MSVC\14.44.35207\include\fstream(20,1):
      see declaration of 'std'
  
C:\Users\ShadowEvil\source\repos2\New folder\HelbreathServer\Sources\Server\Game.h(220,14): error C2039: 'any_of': is not a member of 'std'
  (compiling source file 'Game.cpp')
      C:\Program Files\Microsoft Visual Studio\18\Community\VC\Tools\MSVC\14.44.35207\include\fstream(20,1):
      see declaration of 'std'
  
C:\Users\ShadowEvil\source\repos2\New folder\HelbreathServer\Sources\Server\Game.cpp(326,3): error C2664: 'void PutLogList(char *)': cannot convert argument 1 from 'const char [35]' to 'char *'
      C:\Users\ShadowEvil\source\repos2\New folder\HelbreathServer\Sources\Server\Game.cpp(326,14):
      Conversion from string literal loses const qualifier (see /Zc:strictStrings)
      C:\Users\ShadowEvil\source\repos2\New folder\HelbreathServer\Sources\Server\winmain.h(11,6):
      see declaration of 'PutLogList'
      C:\Users\ShadowEvil\source\repos2\New folder\HelbreathServer\Sources\Server\Game.cpp(326,3):
      while trying to match the argument list '(const char [35])'
  
C:\Users\ShadowEvil\source\repos2\New folder\HelbreathServer\Sources\Server\Game.cpp(468,3): error C2664: 'void PutLogList(char *)': cannot convert argument 1 from 'const char [16]' to 'char *'
      C:\Users\ShadowEvil\source\repos2\New folder\HelbreathServer\Sources\Server\Game.cpp(468,14):
      Conversion from string literal loses const qualifier (see /Zc:strictStrings)
      C:\Users\ShadowEvil\source\repos2\New folder\HelbreathServer\Sources\Server\winmain.h(11,6):
      see declaration of 'PutLogList'
      C:\Users\ShadowEvil\source\repos2\New folder\HelbreathServer\Sources\Server\Game.cpp(468,3):
      while trying to match the argument list '(const char [16])'
  
C:\Users\ShadowEvil\source\repos2\New folder\HelbreathServer\Sources\Server\Game.cpp(509,2): error C2664: 'void PutLogList(char *)': cannot convert argument 1 from 'const char [32]' to 'char *'
      C:\Users\ShadowEvil\source\repos2\New folder\HelbreathServer\Sources\Server\Game.cpp(509,13):
      Conversion from string literal loses const qualifier (see /Zc:strictStrings)
      C:\Users\ShadowEvil\source\repos2\New folder\HelbreathServer\Sources\Server\winmain.h(11,6):
      see declaration of 'PutLogList'
      C:\Users\ShadowEvil\source\repos2\New folder\HelbreathServer\Sources\Server\Game.cpp(509,2):
      while trying to match the argument list '(const char [32])'
  
C:\Users\ShadowEvil\source\repos2\New folder\HelbreathServer\Sources\Server\Game.cpp(796,6): error C2664: 'bool CGame::bReadProgramConfigFile(char *,bool)': cannot convert argument 1 from 'const char [12]' to 'char *'
      C:\Users\ShadowEvil\source\repos2\New folder\HelbreathServer\Sources\Server\Game.cpp(796,29):
      Conversion from string literal loses const qualifier (see /Zc:strictStrings)
      C:\Users\ShadowEvil\source\repos2\New folder\HelbreathServer\Sources\Server\Game.h(767,7):
      see declaration of 'CGame::bReadProgramConfigFile'
      C:\Users\ShadowEvil\source\repos2\New folder\HelbreathServer\Sources\Server\Game.cpp(796,6):
      while trying to match the argument list '(const char [12], bool)'
  
C:\Users\ShadowEvil\source\repos2\New folder\HelbreathServer\Sources\Server\Game.cpp(797,3): error C2664: 'void PutLogList(char *)': cannot convert argument 1 from 'const char [2]' to 'char *'
      C:\Users\ShadowEvil\source\repos2\New folder\HelbreathServer\Sources\Server\Game.cpp(797,14):
      Conversion from string literal loses const qualifier (see /Zc:strictStrings)
      C:\Users\ShadowEvil\source\repos2\New folder\HelbreathServer\Sources\Server\winmain.h(11,6):
      see declaration of 'PutLogList'
      C:\Users\ShadowEvil\source\repos2\New folder\HelbreathServer\Sources\Server\Game.cpp(797,3):
      while trying to match the argument list '(const char [2])'
  
C:\Users\ShadowEvil\source\repos2\New folder\HelbreathServer\Sources\Server\Game.cpp(798,3): error C2664: 'void PutLogList(char *)': cannot convert argument 1 from 'const char [78]' to 'char *'
      C:\Users\ShadowEvil\source\repos2\New folder\HelbreathServer\Sources\Server\Game.cpp(798,14):
      Conversion from string literal loses const qualifier (see /Zc:strictStrings)
      C:\Users\ShadowEvil\source\repos2\New folder\HelbreathServer\Sources\Server\winmain.h(11,6):
      see declaration of 'PutLogList'
      C:\Users\ShadowEvil\source\repos2\New folder\HelbreathServer\Sources\Server\Game.cpp(798,3):
      while trying to match the argument list '(const char [78])'
  
C:\Users\ShadowEvil\source\repos2\New folder\HelbreathServer\Sources\Server\Game.cpp(801,6): error C2664: 'bool CGame::bReadProgramConfigFile(char *,bool)': cannot convert argument 1 from 'const char [10]' to 'char *'
      C:\Users\ShadowEvil\source\repos2\New folder\HelbreathServer\Sources\Server\Game.cpp(801,29):
      Conversion from string literal loses const qualifier (see /Zc:strictStrings)
      C:\Users\ShadowEvil\source\repos2\New folder\HelbreathServer\Sources\Server\Game.h(767,7):
      see declaration of 'CGame::bReadProgramConfigFile'
      C:\Users\ShadowEvil\source\repos2\New folder\HelbreathServer\Sources\Server\Game.cpp(801,6):
      while trying to match the argument list '(const char [10], bool)'
  
C:\Users\ShadowEvil\source\repos2\New folder\HelbreathServer\Sources\Server\Game.cpp(802,3): error C2664: 'void PutLogList(char *)': cannot convert argument 1 from 'const char [2]' to 'char *'
      C:\Users\ShadowEvil\source\repos2\New folder\HelbreathServer\Sources\Server\Game.cpp(802,14):
      Conversion from string literal loses const qualifier (see /Zc:strictStrings)
      C:\Users\ShadowEvil\source\repos2\New folder\HelbreathServer\Sources\Server\winmain.h(11,6):
      see declaration of 'PutLogList'
      C:\Users\ShadowEvil\source\repos2\New folder\HelbreathServer\Sources\Server\Game.cpp(802,3):
      while trying to match the argument list '(const char [2])'
  
C:\Users\ShadowEvil\source\repos2\New folder\HelbreathServer\Sources\Server\Game.cpp(803,3): error C2664: 'void PutLogList(char *)': cannot convert argument 1 from 'const char [76]' to 'char *'
      C:\Users\ShadowEvil\source\repos2\New folder\HelbreathServer\Sources\Server\Game.cpp(803,14):
      Conversion from string literal loses const qualifier (see /Zc:strictStrings)
      C:\Users\ShadowEvil\source\repos2\New folder\HelbreathServer\Sources\Server\winmain.h(11,6):
      see declaration of 'PutLogList'
      C:\Users\ShadowEvil\source\repos2\New folder\HelbreathServer\Sources\Server\Game.cpp(803,3):
      while trying to match the argument list '(const char [76])'
  
C:\Users\ShadowEvil\source\repos2\New folder\HelbreathServer\Sources\Server\Game.cpp(806,6): error C2664: 'bool CGame::bReadSettingsConfigFile(char *)': cannot convert argument 1 from 'const char [25]' to 'char *'
      C:\Users\ShadowEvil\source\repos2\New folder\HelbreathServer\Sources\Server\Game.cpp(806,30):
      Conversion from string literal loses const qualifier (see /Zc:strictStrings)
      C:\Users\ShadowEvil\source\repos2\New folder\HelbreathServer\Sources\Server\Game.h(420,7):
      see declaration of 'CGame::bReadSettingsConfigFile'
      C:\Users\ShadowEvil\source\repos2\New folder\HelbreathServer\Sources\Server\Game.cpp(806,6):
      while trying to match the argument list '(const char [25])'
  
C:\Users\ShadowEvil\source\repos2\New folder\HelbreathServer\Sources\Server\Game.cpp(807,3): error C2664: 'void PutLogList(char *)': cannot convert argument 1 from 'const char [2]' to 'char *'
      C:\Users\ShadowEvil\source\repos2\New folder\HelbreathServer\Sources\Server\Game.cpp(807,14):
      Conversion from string literal loses const qualifier (see /Zc:strictStrings)
      C:\Users\ShadowEvil\source\repos2\New folder\HelbreathServer\Sources\Server\winmain.h(11,6):
      see declaration of 'PutLogList'
      C:\Users\ShadowEvil\source\repos2\New folder\HelbreathServer\Sources\Server\Game.cpp(807,3):
      while trying to match the argument list '(const char [2])'
  
C:\Users\ShadowEvil\source\repos2\New folder\HelbreathServer\Sources\Server\Game.cpp(808,3): error C2664: 'void PutLogList(char *)': cannot convert argument 1 from 'const char [79]' to 'char *'
      C:\Users\ShadowEvil\source\repos2\New folder\HelbreathServer\Sources\Server\Game.cpp(808,14):
      Conversion from string literal loses const qualifier (see /Zc:strictStrings)
      C:\Users\ShadowEvil\source\repos2\New folder\HelbreathServer\Sources\Server\winmain.h(11,6):
      see declaration of 'PutLogList'
      C:\Users\ShadowEvil\source\repos2\New folder\HelbreathServer\Sources\Server\Game.cpp(808,3):
      while trying to match the argument list '(const char [79])'
  
C:\Users\ShadowEvil\source\repos2\New folder\HelbreathServer\Sources\Server\Game.cpp(811,6): error C2664: 'bool CGame::bReadAdminListConfigFile(char *)': cannot convert argument 1 from 'const char [26]' to 'char *'
      C:\Users\ShadowEvil\source\repos2\New folder\HelbreathServer\Sources\Server\Game.cpp(811,31):
      Conversion from string literal loses const qualifier (see /Zc:strictStrings)
      C:\Users\ShadowEvil\source\repos2\New folder\HelbreathServer\Sources\Server\Game.h(358,7):
      see declaration of 'CGame::bReadAdminListConfigFile'
      C:\Users\ShadowEvil\source\repos2\New folder\HelbreathServer\Sources\Server\Game.cpp(811,6):
      while trying to match the argument list '(const char [26])'
  
C:\Users\ShadowEvil\source\repos2\New folder\HelbreathServer\Sources\Server\Game.cpp(812,3): error C2664: 'void PutLogList(char *)': cannot convert argument 1 from 'const char [2]' to 'char *'
      C:\Users\ShadowEvil\source\repos2\New folder\HelbreathServer\Sources\Server\Game.cpp(812,14):
      Conversion from string literal loses const qualifier (see /Zc:strictStrings)
      C:\Users\ShadowEvil\source\repos2\New folder\HelbreathServer\Sources\Server\winmain.h(11,6):
      see declaration of 'PutLogList'
      C:\Users\ShadowEvil\source\repos2\New folder\HelbreathServer\Sources\Server\Game.cpp(812,3):
      while trying to match the argument list '(const char [2])'
  
C:\Users\ShadowEvil\source\repos2\New folder\HelbreathServer\Sources\Server\Game.cpp(813,3): error C2664: 'void PutLogList(char *)': cannot convert argument 1 from 'const char [80]' to 'char *'
      C:\Users\ShadowEvil\source\repos2\New folder\HelbreathServer\Sources\Server\Game.cpp(813,14):
      Conversion from string literal loses const qualifier (see /Zc:strictStrings)
      C:\Users\ShadowEvil\source\repos2\New folder\HelbreathServer\Sources\Server\winmain.h(11,6):
      see declaration of 'PutLogList'
      C:\Users\ShadowEvil\source\repos2\New folder\HelbreathServer\Sources\Server\Game.cpp(813,3):
      while trying to match the argument list '(const char [80])'
  
C:\Users\ShadowEvil\source\repos2\New folder\HelbreathServer\Sources\Server\Game.cpp(816,6): error C2664: 'bool CGame::bReadBannedListConfigFile(char *)': cannot convert argument 1 from 'const char [27]' to 'char *'
      C:\Users\ShadowEvil\source\repos2\New folder\HelbreathServer\Sources\Server\Game.cpp(816,32):
      Conversion from string literal loses const qualifier (see /Zc:strictStrings)
      C:\Users\ShadowEvil\source\repos2\New folder\HelbreathServer\Sources\Server\Game.h(357,7):
      see declaration of 'CGame::bReadBannedListConfigFile'
      C:\Users\ShadowEvil\source\repos2\New folder\HelbreathServer\Sources\Server\Game.cpp(816,6):
      while trying to match the argument list '(const char [27])'
  
C:\Users\ShadowEvil\source\repos2\New folder\HelbreathServer\Sources\Server\Game.cpp(817,3): error C2664: 'void PutLogList(char *)': cannot convert argument 1 from 'const char [2]' to 'char *'
      C:\Users\ShadowEvil\source\repos2\New folder\HelbreathServer\Sources\Server\Game.cpp(817,14):
      Conversion from string literal loses const qualifier (see /Zc:strictStrings)
      C:\Users\ShadowEvil\source\repos2\New folder\HelbreathServer\Sources\Server\winmain.h(11,6):
      see declaration of 'PutLogList'
      C:\Users\ShadowEvil\source\repos2\New folder\HelbreathServer\Sources\Server\Game.cpp(817,3):
      while trying to match the argument list '(const char [2])'
  
C:\Users\ShadowEvil\source\repos2\New folder\HelbreathServer\Sources\Server\Game.cpp(818,3): error C2664: 'void PutLogList(char *)': cannot convert argument 1 from 'const char [81]' to 'char *'
      C:\Users\ShadowEvil\source\repos2\New folder\HelbreathServer\Sources\Server\Game.cpp(818,14):
      Conversion from string literal loses const qualifier (see /Zc:strictStrings)
      C:\Users\ShadowEvil\source\repos2\New folder\HelbreathServer\Sources\Server\winmain.h(11,6):
      see declaration of 'PutLogList'
      C:\Users\ShadowEvil\source\repos2\New folder\HelbreathServer\Sources\Server\Game.cpp(818,3):
      while trying to match the argument list '(const char [81])'
  
C:\Users\ShadowEvil\source\repos2\New folder\HelbreathServer\Sources\Server\Game.cpp(821,6): error C2664: 'bool CGame::bReadAdminSetConfigFile(char *)': cannot convert argument 1 from 'const char [30]' to 'char *'
      C:\Users\ShadowEvil\source\repos2\New folder\HelbreathServer\Sources\Server\Game.cpp(821,30):
      Conversion from string literal loses const qualifier (see /Zc:strictStrings)
      C:\Users\ShadowEvil\source\repos2\New folder\HelbreathServer\Sources\Server\Game.h(426,7):
      see declaration of 'CGame::bReadAdminSetConfigFile'
      C:\Users\ShadowEvil\source\repos2\New folder\HelbreathServer\Sources\Server\Game.cpp(821,6):
      while trying to match the argument list '(const char [30])'
  
C:\Users\ShadowEvil\source\repos2\New folder\HelbreathServer\Sources\Server\Game.cpp(822,3): error C2664: 'void PutLogList(char *)': cannot convert argument 1 from 'const char [2]' to 'char *'
      C:\Users\ShadowEvil\source\repos2\New folder\HelbreathServer\Sources\Server\Game.cpp(822,14):
      Conversion from string literal loses const qualifier (see /Zc:strictStrings)
      C:\Users\ShadowEvil\source\repos2\New folder\HelbreathServer\Sources\Server\winmain.h(11,6):
      see declaration of 'PutLogList'
      C:\Users\ShadowEvil\source\repos2\New folder\HelbreathServer\Sources\Server\Game.cpp(822,3):
      while trying to match the argument list '(const char [2])'
  
C:\Users\ShadowEvil\source\repos2\New folder\HelbreathServer\Sources\Server\Game.cpp(823,3): error C2664: 'void PutLogList(char *)': cannot convert argument 1 from 'const char [84]' to 'char *'
      C:\Users\ShadowEvil\source\repos2\New folder\HelbreathServer\Sources\Server\Game.cpp(823,14):
      Conversion from string literal loses const qualifier (see /Zc:strictStrings)
      C:\Users\ShadowEvil\source\repos2\New folder\HelbreathServer\Sources\Server\winmain.h(11,6):
      see declaration of 'PutLogList'
      C:\Users\ShadowEvil\source\repos2\New folder\HelbreathServer\Sources\Server\Game.cpp(823,3):
      while trying to match the argument list '(const char [84])'
  
C:\Users\ShadowEvil\source\repos2\New folder\HelbreathServer\Sources\Server\Game.cpp(860,2): error C2664: 'bool CGame::bReadNotifyMsgListFile(char *)': cannot convert argument 1 from 'const char [23]' to 'char *'
      C:\Users\ShadowEvil\source\repos2\New folder\HelbreathServer\Sources\Server\Game.cpp(860,25):
      Conversion from string literal loses const qualifier (see /Zc:strictStrings)
      C:\Users\ShadowEvil\source\repos2\New folder\HelbreathServer\Sources\Server\Game.h(612,7):
      see declaration of 'CGame::bReadNotifyMsgListFile'
      C:\Users\ShadowEvil\source\repos2\New folder\HelbreathServer\Sources\Server\Game.cpp(860,2):
      while trying to match the argument list '(const char [23])'
  
C:\Users\ShadowEvil\source\repos2\New folder\HelbreathServer\Sources\Server\Game.cpp(911,23): error C2664: 'bool CGame::_bDecodeItemConfigFileContents(char *,DWORD)': cannot convert argument 1 from 'const char [21]' to 'char *'
      C:\Users\ShadowEvil\source\repos2\New folder\HelbreathServer\Sources\Server\Game.cpp(911,54):
      Conversion from string literal loses const qualifier (see /Zc:strictStrings)
      C:\Users\ShadowEvil\source\repos2\New folder\HelbreathServer\Sources\Server\Game.h(864,7):
      see declaration of 'CGame::_bDecodeItemConfigFileContents'
      C:\Users\ShadowEvil\source\repos2\New folder\HelbreathServer\Sources\Server\Game.cpp(911,23):
      while trying to match the argument list '(const char [21], int)'
  
C:\Users\ShadowEvil\source\repos2\New folder\HelbreathServer\Sources\Server\Game.cpp(912,23): error C2664: 'bool CGame::_bDecodeItemConfigFileContents(char *,DWORD)': cannot convert argument 1 from 'const char [22]' to 'char *'
      C:\Users\ShadowEvil\source\repos2\New folder\HelbreathServer\Sources\Server\Game.cpp(912,54):
      Conversion from string literal loses const qualifier (see /Zc:strictStrings)
      C:\Users\ShadowEvil\source\repos2\New folder\HelbreathServer\Sources\Server\Game.h(864,7):
      see declaration of 'CGame::_bDecodeItemConfigFileContents'
      C:\Users\ShadowEvil\source\repos2\New folder\HelbreathServer\Sources\Server\Game.cpp(912,23):
      while trying to match the argument list '(const char [22], int)'
  
C:\Users\ShadowEvil\source\repos2\New folder\HelbreathServer\Sources\Server\Game.cpp(913,23): error C2664: 'bool CGame::_bDecodeItemConfigFileContents(char *,DWORD)': cannot convert argument 1 from 'const char [22]' to 'char *'
      C:\Users\ShadowEvil\source\repos2\New folder\HelbreathServer\Sources\Server\Game.cpp(913,54):
      Conversion from string literal loses const qualifier (see /Zc:strictStrings)
      C:\Users\ShadowEvil\source\repos2\New folder\HelbreathServer\Sources\Server\Game.h(864,7):
      see declaration of 'CGame::_bDecodeItemConfigFileContents'
      C:\Users\ShadowEvil\source\repos2\New folder\HelbreathServer\Sources\Server\Game.cpp(913,23):
      while trying to match the argument list '(const char [22], int)'
  
C:\Users\ShadowEvil\source\repos2\New folder\HelbreathServer\Sources\Server\Game.cpp(914,28): error C2664: 'bool CGame::_bDecodeBuildItemConfigFileContents(char *,DWORD)': cannot convert argument 1 from 'const char [26]' to 'char *'
      C:\Users\ShadowEvil\source\repos2\New folder\HelbreathServer\Sources\Server\Game.cpp(914,64):
      Conversion from string literal loses const qualifier (see /Zc:strictStrings)
      C:\Users\ShadowEvil\source\repos2\New folder\HelbreathServer\Sources\Server\Game.h(527,7):
      see declaration of 'CGame::_bDecodeBuildItemConfigFileContents'
      C:\Users\ShadowEvil\source\repos2\New folder\HelbreathServer\Sources\Server\Game.cpp(914,28):
      while trying to match the argument list '(const char [26], int)'
  
C:\Users\ShadowEvil\source\repos2\New folder\HelbreathServer\Sources\Server\Game.cpp(915,22): error C2664: 'bool CGame::_bDecodeNpcConfigFileContents(char *,DWORD)': cannot convert argument 1 from 'const char [20]' to 'char *'
      C:\Users\ShadowEvil\source\repos2\New folder\HelbreathServer\Sources\Server\Game.cpp(915,52):
      Conversion from string literal loses const qualifier (see /Zc:strictStrings)
      C:\Users\ShadowEvil\source\repos2\New folder\HelbreathServer\Sources\Server\Game.h(716,7):
      see declaration of 'CGame::_bDecodeNpcConfigFileContents'
      C:\Users\ShadowEvil\source\repos2\New folder\HelbreathServer\Sources\Server\Game.cpp(915,22):
      while trying to match the argument list '(const char [20], int)'
  
C:\Users\ShadowEvil\source\repos2\New folder\HelbreathServer\Sources\Server\Game.cpp(916,24): error C2664: 'bool CGame::_bDecodeMagicConfigFileContents(char *,DWORD)': cannot convert argument 1 from 'const char [22]' to 'char *'
      C:\Users\ShadowEvil\source\repos2\New folder\HelbreathServer\Sources\Server\Game.cpp(916,56):
      Conversion from string literal loses const qualifier (see /Zc:strictStrings)
      C:\Users\ShadowEvil\source\repos2\New folder\HelbreathServer\Sources\Server\Game.h(698,7):
      see declaration of 'CGame::_bDecodeMagicConfigFileContents'
      C:\Users\ShadowEvil\source\repos2\New folder\HelbreathServer\Sources\Server\Game.cpp(916,24):
      while trying to match the argument list '(const char [22], int)'
  
C:\Users\ShadowEvil\source\repos2\New folder\HelbreathServer\Sources\Server\Game.cpp(917,24): error C2664: 'bool CGame::_bDecodeSkillConfigFileContents(char *,DWORD)': cannot convert argument 1 from 'const char [22]' to 'char *'
      C:\Users\ShadowEvil\source\repos2\New folder\HelbreathServer\Sources\Server\Game.cpp(917,56):
      Conversion from string literal loses const qualifier (see /Zc:strictStrings)
      C:\Users\ShadowEvil\source\repos2\New folder\HelbreathServer\Sources\Server\Game.h(697,7):
      see declaration of 'CGame::_bDecodeSkillConfigFileContents'
      C:\Users\ShadowEvil\source\repos2\New folder\HelbreathServer\Sources\Server\Game.cpp(917,24):
      while trying to match the argument list '(const char [22], int)'
  
C:\Users\ShadowEvil\source\repos2\New folder\HelbreathServer\Sources\Server\Game.cpp(918,24): error C2664: 'bool CGame::_bDecodeQuestConfigFileContents(char *,DWORD)': cannot convert argument 1 from 'const char [22]' to 'char *'
      C:\Users\ShadowEvil\source\repos2\New folder\HelbreathServer\Sources\Server\Game.cpp(918,56):
      Conversion from string literal loses const qualifier (see /Zc:strictStrings)
      C:\Users\ShadowEvil\source\repos2\New folder\HelbreathServer\Sources\Server\Game.h(550,7):
      see declaration of 'CGame::_bDecodeQuestConfigFileContents'
      C:\Users\ShadowEvil\source\repos2\New folder\HelbreathServer\Sources\Server\Game.cpp(918,24):
      while trying to match the argument list '(const char [22], int)'
  
C:\Users\ShadowEvil\source\repos2\New folder\HelbreathServer\Sources\Server\Game.cpp(919,26): error C2664: 'bool CGame::_bDecodePortionConfigFileContents(char *,DWORD)': cannot convert argument 1 from 'const char [23]' to 'char *'
      C:\Users\ShadowEvil\source\repos2\New folder\HelbreathServer\Sources\Server\Game.cpp(919,60):
      Conversion from string literal loses const qualifier (see /Zc:strictStrings)
      C:\Users\ShadowEvil\source\repos2\New folder\HelbreathServer\Sources\Server\Game.h(579,7):
      see declaration of 'CGame::_bDecodePortionConfigFileContents'
      C:\Users\ShadowEvil\source\repos2\New folder\HelbreathServer\Sources\Server\Game.cpp(919,26):
      while trying to match the argument list '(const char [23], int)'
  
C:\Users\ShadowEvil\source\repos2\New folder\HelbreathServer\Sources\Server\Game.cpp(920,2): error C2664: 'bool CGame::_bDecodeDupItemIDFileContents(char *,DWORD)': cannot convert argument 1 from 'const char [26]' to 'char *'
      C:\Users\ShadowEvil\source\repos2\New folder\HelbreathServer\Sources\Server\Game.cpp(920,32):
      Conversion from string literal loses const qualifier (see /Zc:strictStrings)
      C:\Users\ShadowEvil\source\repos2\New folder\HelbreathServer\Sources\Server\Game.h(521,7):
      see declaration of 'CGame::_bDecodeDupItemIDFileContents'
      C:\Users\ShadowEvil\source\repos2\New folder\HelbreathServer\Sources\Server\Game.cpp(920,2):
      while trying to match the argument list '(const char [26], int)'
  
C:\Users\ShadowEvil\source\repos2\New folder\HelbreathServer\Sources\Server\Game.cpp(935,3): error C2664: 'void PutLogList(char *)': cannot convert argument 1 from 'const char [44]' to 'char *'
      C:\Users\ShadowEvil\source\repos2\New folder\HelbreathServer\Sources\Server\Game.cpp(935,14):
      Conversion from string literal loses const qualifier (see /Zc:strictStrings)
      C:\Users\ShadowEvil\source\repos2\New folder\HelbreathServer\Sources\Server\winmain.h(11,6):
      see declaration of 'PutLogList'
      C:\Users\ShadowEvil\source\repos2\New folder\HelbreathServer\Sources\Server\Game.cpp(935,3):
      while trying to match the argument list '(const char [44])'
  
C:\Users\ShadowEvil\source\repos2\New folder\HelbreathServer\Sources\Server\Game.cpp(954,2): error C2664: 'void CGame::GayDave(char [],char [])': cannot convert argument 2 from 'const char [8]' to 'char []'
      C:\Users\ShadowEvil\source\repos2\New folder\HelbreathServer\Sources\Server\Game.cpp(954,17):
      Conversion from string literal loses const qualifier (see /Zc:strictStrings)
      C:\Users\ShadowEvil\source\repos2\New folder\HelbreathServer\Sources\Server\Game.h(454,7):
      see declaration of 'CGame::GayDave'
      C:\Users\ShadowEvil\source\repos2\New folder\HelbreathServer\Sources\Server\Game.cpp(954,2):
      while trying to match the argument list '(char [350], const char [8])'
  
C:\Users\ShadowEvil\source\repos2\New folder\HelbreathServer\Sources\Server\Game.cpp(1555,25): error C2664: 'void PutLogList(char *)': cannot convert argument 1 from 'const char [21]' to 'char *'
      C:\Users\ShadowEvil\source\repos2\New folder\HelbreathServer\Sources\Server\Game.cpp(1555,36):
      Conversion from string literal loses const qualifier (see /Zc:strictStrings)
      C:\Users\ShadowEvil\source\repos2\New folder\HelbreathServer\Sources\Server\winmain.h(11,6):
      see declaration of 'PutLogList'
      C:\Users\ShadowEvil\source\repos2\New folder\HelbreathServer\Sources\Server\Game.cpp(1555,25):
      while trying to match the argument list '(const char [21])'
  
C:\Users\ShadowEvil\source\repos2\New folder\HelbreathServer\Sources\Server\Game.cpp(2207,60): warning C4305: '=': truncation from 'int' to 'char'
C:\Users\ShadowEvil\source\repos2\New folder\HelbreathServer\Sources\Server\Game.cpp(2207,60): warning C4309: '=': truncation of constant value
C:\Users\ShadowEvil\source\repos2\New folder\HelbreathServer\Sources\Server\Game.cpp(2262,3): error C2664: 'void CGame::RequestTeleportHandler(int,char *,char *,int,int)': cannot convert argument 2 from 'const char [5]' to 'char *'
      C:\Users\ShadowEvil\source\repos2\New folder\HelbreathServer\Sources\Server\Game.cpp(2262,36):
      Conversion from string literal loses const qualifier (see /Zc:strictStrings)
      C:\Users\ShadowEvil\source\repos2\New folder\HelbreathServer\Sources\Server\Game.h(701,7):
      see declaration of 'CGame::RequestTeleportHandler'
      C:\Users\ShadowEvil\source\repos2\New folder\HelbreathServer\Sources\Server\Game.cpp(2262,3):
      while trying to match the argument list '(int, const char [5])'
  
C:\Users\ShadowEvil\source\repos2\New folder\HelbreathServer\Sources\Server\Game.cpp(2274,2): error C2664: 'bool CGame::bSendClientConfig(int,char *)': cannot convert argument 2 from 'const char [21]' to 'char *'
      C:\Users\ShadowEvil\source\repos2\New folder\HelbreathServer\Sources\Server\Game.cpp(2274,30):
      Conversion from string literal loses const qualifier (see /Zc:strictStrings)
      C:\Users\ShadowEvil\source\repos2\New folder\HelbreathServer\Sources\Server\Game.h(301,7):
      see declaration of 'CGame::bSendClientConfig'
      C:\Users\ShadowEvil\source\repos2\New folder\HelbreathServer\Sources\Server\Game.cpp(2274,2):
      while trying to match the argument list '(int, const char [21])'
  
C:\Users\ShadowEvil\source\repos2\New folder\HelbreathServer\Sources\Server\Game.cpp(2275,2): error C2664: 'bool CGame::bSendClientConfig(int,char *)': cannot convert argument 2 from 'const char [22]' to 'char *'
      C:\Users\ShadowEvil\source\repos2\New folder\HelbreathServer\Sources\Server\Game.cpp(2275,30):
      Conversion from string literal loses const qualifier (see /Zc:strictStrings)
      C:\Users\ShadowEvil\source\repos2\New folder\HelbreathServer\Sources\Server\Game.h(301,7):
      see declaration of 'CGame::bSendClientConfig'
      C:\Users\ShadowEvil\source\repos2\New folder\HelbreathServer\Sources\Server\Game.cpp(2275,2):
      while trying to match the argument list '(int, const char [22])'
  
C:\Users\ShadowEvil\source\repos2\New folder\HelbreathServer\Sources\Server\Game.cpp(2276,2): error C2664: 'bool CGame::bSendClientConfig(int,char *)': cannot convert argument 2 from 'const char [22]' to 'char *'
      C:\Users\ShadowEvil\source\repos2\New folder\HelbreathServer\Sources\Server\Game.cpp(2276,30):
      Conversion from string literal loses const qualifier (see /Zc:strictStrings)
      C:\Users\ShadowEvil\source\repos2\New folder\HelbreathServer\Sources\Server\Game.h(301,7):
      see declaration of 'CGame::bSendClientConfig'
      C:\Users\ShadowEvil\source\repos2\New folder\HelbreathServer\Sources\Server\Game.cpp(2276,2):
      while trying to match the argument list '(int, const char [22])'
  
C:\Users\ShadowEvil\source\repos2\New folder\HelbreathServer\Sources\Server\Game.h(220,14): error C2039: 'any_of': is not a member of 'std'
  (compiling source file 'LoginServer.cpp')
      C:\Program Files\Microsoft Visual Studio\18\Community\VC\Tools\MSVC\14.44.35207\include\fstream(20,1):
      see declaration of 'std'
  
C:\Users\ShadowEvil\source\repos2\New folder\HelbreathServer\Sources\Server\Game.cpp(3906,45): warning C4018: '<': signed/unsigned mismatch
C:\Users\ShadowEvil\source\repos2\New folder\HelbreathServer\Sources\Server\Game.cpp(3938,74): warning C4018: '>': signed/unsigned mismatch
C:\Users\ShadowEvil\source\repos2\New folder\HelbreathServer\Sources\Server\Game.cpp(3973,7): error C2664: 'void CGame::RequestTeleportHandler(int,char *,char *,int,int)': cannot convert argument 2 from 'const char [5]' to 'char *'
      C:\Users\ShadowEvil\source\repos2\New folder\HelbreathServer\Sources\Server\Game.cpp(3973,33):
      Conversion from string literal loses const qualifier (see /Zc:strictStrings)
      C:\Users\ShadowEvil\source\repos2\New folder\HelbreathServer\Sources\Server\Game.h(701,7):
      see declaration of 'CGame::RequestTeleportHandler'
      C:\Users\ShadowEvil\source\repos2\New folder\HelbreathServer\Sources\Server\Game.cpp(3973,7):
      while trying to match the argument list '(int, const char [5])'
  
C:\Users\ShadowEvil\source\repos2\New folder\HelbreathServer\Sources\Server\Game.cpp(4000,6): error C2664: 'void CGame::RequestTeleportHandler(int,char *,char *,int,int)': cannot convert argument 2 from 'const char [5]' to 'char *'
      C:\Users\ShadowEvil\source\repos2\New folder\HelbreathServer\Sources\Server\Game.cpp(4000,32):
      Conversion from string literal loses const qualifier (see /Zc:strictStrings)
      C:\Users\ShadowEvil\source\repos2\New folder\HelbreathServer\Sources\Server\Game.h(701,7):
      see declaration of 'CGame::RequestTeleportHandler'
      C:\Users\ShadowEvil\source\repos2\New folder\HelbreathServer\Sources\Server\Game.cpp(4000,6):
      while trying to match the argument list '(int, const char [5])'
  
C:\Users\ShadowEvil\source\repos2\New folder\HelbreathServer\Sources\Server\Game.cpp(4011,8): error C2664: 'void CGame::RequestTeleportHandler(int,char *,char *,int,int)': cannot convert argument 2 from 'const char [5]' to 'char *'
      C:\Users\ShadowEvil\source\repos2\New folder\HelbreathServer\Sources\Server\Game.cpp(4011,34):
      Conversion from string literal loses const qualifier (see /Zc:strictStrings)
      C:\Users\ShadowEvil\source\repos2\New folder\HelbreathServer\Sources\Server\Game.h(701,7):
      see declaration of 'CGame::RequestTeleportHandler'
      C:\Users\ShadowEvil\source\repos2\New folder\HelbreathServer\Sources\Server\Game.cpp(4011,8):
      while trying to match the argument list '(int, const char [5], const char [8], int, int)'
  
C:\Users\ShadowEvil\source\repos2\New folder\HelbreathServer\Sources\Server\Game.cpp(4015,8): error C2664: 'void CGame::RequestTeleportHandler(int,char *,char *,int,int)': cannot convert argument 2 from 'const char [5]' to 'char *'
      C:\Users\ShadowEvil\source\repos2\New folder\HelbreathServer\Sources\Server\Game.cpp(4015,34):
      Conversion from string literal loses const qualifier (see /Zc:strictStrings)
      C:\Users\ShadowEvil\source\repos2\New folder\HelbreathServer\Sources\Server\Game.h(701,7):
      see declaration of 'CGame::RequestTeleportHandler'
      C:\Users\ShadowEvil\source\repos2\New folder\HelbreathServer\Sources\Server\Game.cpp(4015,8):
      while trying to match the argument list '(int, const char [5], const char [7], int, int)'
  
C:\Users\ShadowEvil\source\repos2\New folder\HelbreathServer\Sources\Server\Game.cpp(4035,9): error C2664: 'void CGame::RequestTeleportHandler(int,char *,char *,int,int)': cannot convert argument 2 from 'const char [5]' to 'char *'
      C:\Users\ShadowEvil\source\repos2\New folder\HelbreathServer\Sources\Server\Game.cpp(4035,35):
      Conversion from string literal loses const qualifier (see /Zc:strictStrings)
      C:\Users\ShadowEvil\source\repos2\New folder\HelbreathServer\Sources\Server\Game.h(701,7):
      see declaration of 'CGame::RequestTeleportHandler'
      C:\Users\ShadowEvil\source\repos2\New folder\HelbreathServer\Sources\Server\Game.cpp(4035,9):
      while trying to match the argument list '(int, const char [5])'
  
C:\Users\ShadowEvil\source\repos2\New folder\HelbreathServer\Sources\Server\Game.cpp(4064,6): error C2664: 'void CGame::RequestTeleportHandler(int,char *,char *,int,int)': cannot convert argument 2 from 'const char [5]' to 'char *'
      C:\Users\ShadowEvil\source\repos2\New folder\HelbreathServer\Sources\Server\Game.cpp(4064,32):
      Conversion from string literal loses const qualifier (see /Zc:strictStrings)
      C:\Users\ShadowEvil\source\repos2\New folder\HelbreathServer\Sources\Server\Game.h(701,7):
      see declaration of 'CGame::RequestTeleportHandler'
      C:\Users\ShadowEvil\source\repos2\New folder\HelbreathServer\Sources\Server\Game.cpp(4064,6):
      while trying to match the argument list '(int, const char [5])'
  
C:\Users\ShadowEvil\source\repos2\New folder\HelbreathServer\Sources\Server\Game.cpp(4081,8): error C2664: 'void CGame::RequestTeleportHandler(int,char *,char *,int,int)': cannot convert argument 2 from 'const char [5]' to 'char *'
      C:\Users\ShadowEvil\source\repos2\New folder\HelbreathServer\Sources\Server\Game.cpp(4081,34):
      Conversion from string literal loses const qualifier (see /Zc:strictStrings)
      C:\Users\ShadowEvil\source\repos2\New folder\HelbreathServer\Sources\Server\Game.h(701,7):
      see declaration of 'CGame::RequestTeleportHandler'
      C:\Users\ShadowEvil\source\repos2\New folder\HelbreathServer\Sources\Server\Game.cpp(4081,8):
      while trying to match the argument list '(int, const char [5], const char [11], int, int)'
  
C:\Users\ShadowEvil\source\repos2\New folder\HelbreathServer\Sources\Server\Game.cpp(4088,6): error C2664: 'void CGame::RequestTeleportHandler(int,char *,char *,int,int)': cannot convert argument 2 from 'const char [5]' to 'char *'
      C:\Users\ShadowEvil\source\repos2\New folder\HelbreathServer\Sources\Server\Game.cpp(4088,32):
      Conversion from string literal loses const qualifier (see /Zc:strictStrings)
      C:\Users\ShadowEvil\source\repos2\New folder\HelbreathServer\Sources\Server\Game.h(701,7):
      see declaration of 'CGame::RequestTeleportHandler'
      C:\Users\ShadowEvil\source\repos2\New folder\HelbreathServer\Sources\Server\Game.cpp(4088,6):
      while trying to match the argument list '(int, const char [5])'
  
C:\Users\ShadowEvil\source\repos2\New folder\HelbreathServer\Sources\Server\Game.cpp(4095,6): error C2664: 'void CGame::RequestTeleportHandler(int,char *,char *,int,int)': cannot convert argument 2 from 'const char [5]' to 'char *'
      C:\Users\ShadowEvil\source\repos2\New folder\HelbreathServer\Sources\Server\Game.cpp(4095,32):
      Conversion from string literal loses const qualifier (see /Zc:strictStrings)
      C:\Users\ShadowEvil\source\repos2\New folder\HelbreathServer\Sources\Server\Game.h(701,7):
      see declaration of 'CGame::RequestTeleportHandler'
      C:\Users\ShadowEvil\source\repos2\New folder\HelbreathServer\Sources\Server\Game.cpp(4095,6):
      while trying to match the argument list '(int, const char [5])'
  
C:\Users\ShadowEvil\source\repos2\New folder\HelbreathServer\Sources\Server\Game.cpp(4103,6): error C2664: 'void CGame::RequestTeleportHandler(int,char *,char *,int,int)': cannot convert argument 2 from 'const char [5]' to 'char *'
      C:\Users\ShadowEvil\source\repos2\New folder\HelbreathServer\Sources\Server\Game.cpp(4103,32):
      Conversion from string literal loses const qualifier (see /Zc:strictStrings)
      C:\Users\ShadowEvil\source\repos2\New folder\HelbreathServer\Sources\Server\Game.h(701,7):
      see declaration of 'CGame::RequestTeleportHandler'
      C:\Users\ShadowEvil\source\repos2\New folder\HelbreathServer\Sources\Server\Game.cpp(4103,6):
      while trying to match the argument list '(int, const char [5])'
  
C:\Users\ShadowEvil\source\repos2\New folder\HelbreathServer\Sources\Server\Game.cpp(4112,7): error C2664: 'void CGame::RequestTeleportHandler(int,char *,char *,int,int)': cannot convert argument 2 from 'const char [5]' to 'char *'
      C:\Users\ShadowEvil\source\repos2\New folder\HelbreathServer\Sources\Server\Game.cpp(4112,33):
      Conversion from string literal loses const qualifier (see /Zc:strictStrings)
      C:\Users\ShadowEvil\source\repos2\New folder\HelbreathServer\Sources\Server\Game.h(701,7):
      see declaration of 'CGame::RequestTeleportHandler'
      C:\Users\ShadowEvil\source\repos2\New folder\HelbreathServer\Sources\Server\Game.cpp(4112,7):
      while trying to match the argument list '(int, const char [5])'
  
C:\Users\ShadowEvil\source\repos2\New folder\HelbreathServer\Sources\Server\Game.cpp(4193,3): error C2664: 'void PutLogList(char *)': cannot convert argument 1 from 'const char [44]' to 'char *'
      C:\Users\ShadowEvil\source\repos2\New folder\HelbreathServer\Sources\Server\Game.cpp(4193,14):
      Conversion from string literal loses const qualifier (see /Zc:strictStrings)
      C:\Users\ShadowEvil\source\repos2\New folder\HelbreathServer\Sources\Server\winmain.h(11,6):
      see declaration of 'PutLogList'
      C:\Users\ShadowEvil\source\repos2\New folder\HelbreathServer\Sources\Server\Game.cpp(4193,3):
      while trying to match the argument list '(const char [44])'
  
C:\Users\ShadowEvil\source\repos2\New folder\HelbreathServer\Sources\Server\Game.cpp(4996,3): error C2664: 'void PutLogList(char *)': cannot convert argument 1 from 'const char [34]' to 'char *'
      C:\Users\ShadowEvil\source\repos2\New folder\HelbreathServer\Sources\Server\Game.cpp(4996,14):
      Conversion from string literal loses const qualifier (see /Zc:strictStrings)
      C:\Users\ShadowEvil\source\repos2\New folder\HelbreathServer\Sources\Server\winmain.h(11,6):
      see declaration of 'PutLogList'
      C:\Users\ShadowEvil\source\repos2\New folder\HelbreathServer\Sources\Server\Game.cpp(4996,3):
      while trying to match the argument list '(const char [34])'
  
C:\Users\ShadowEvil\source\repos2\New folder\HelbreathServer\Sources\Server\Game.cpp(5226,7): error C2664: 'void PutLogList(char *)': cannot convert argument 1 from 'const char [29]' to 'char *'
      C:\Users\ShadowEvil\source\repos2\New folder\HelbreathServer\Sources\Server\Game.cpp(5226,18):
      Conversion from string literal loses const qualifier (see /Zc:strictStrings)
      C:\Users\ShadowEvil\source\repos2\New folder\HelbreathServer\Sources\Server\winmain.h(11,6):
      see declaration of 'PutLogList'
      C:\Users\ShadowEvil\source\repos2\New folder\HelbreathServer\Sources\Server\Game.cpp(5226,7):
      while trying to match the argument list '(const char [29])'
  
C:\Users\ShadowEvil\source\repos2\New folder\HelbreathServer\Sources\Server\Game.cpp(5388,25): warning C4305: '=': truncation from 'int' to 'bool'
C:\Users\ShadowEvil\source\repos2\New folder\HelbreathServer\Sources\Server\Game.cpp(5394,25): warning C4305: '=': truncation from 'int' to 'bool'
C:\Users\ShadowEvil\source\repos2\New folder\HelbreathServer\Sources\Server\Game.cpp(5400,25): warning C4305: '=': truncation from 'int' to 'bool'
C:\Users\ShadowEvil\source\repos2\New folder\HelbreathServer\Sources\Server\Game.cpp(5444,19): warning C4267: '=': conversion from 'size_t' to 'char', possible loss of data
C:\Users\ShadowEvil\source\repos2\New folder\HelbreathServer\Sources\Server\Game.cpp(5515,3): error C2664: 'void PutLogList(char *)': cannot convert argument 1 from 'const char [44]' to 'char *'
      C:\Users\ShadowEvil\source\repos2\New folder\HelbreathServer\Sources\Server\Game.cpp(5515,14):
      Conversion from string literal loses const qualifier (see /Zc:strictStrings)
      C:\Users\ShadowEvil\source\repos2\New folder\HelbreathServer\Sources\Server\winmain.h(11,6):
      see declaration of 'PutLogList'
      C:\Users\ShadowEvil\source\repos2\New folder\HelbreathServer\Sources\Server\Game.cpp(5515,3):
      while trying to match the argument list '(const char [44])'
  
C:\Users\ShadowEvil\source\repos2\New folder\HelbreathServer\Sources\Server\Game.cpp(5519,3): error C2664: 'void PutLogList(char *)': cannot convert argument 1 from 'const char [42]' to 'char *'
      C:\Users\ShadowEvil\source\repos2\New folder\HelbreathServer\Sources\Server\Game.cpp(5519,14):
      Conversion from string literal loses const qualifier (see /Zc:strictStrings)
      C:\Users\ShadowEvil\source\repos2\New folder\HelbreathServer\Sources\Server\winmain.h(11,6):
      see declaration of 'PutLogList'
      C:\Users\ShadowEvil\source\repos2\New folder\HelbreathServer\Sources\Server\Game.cpp(5519,3):
      while trying to match the argument list '(const char [42])'
  
C:\Users\ShadowEvil\source\repos2\New folder\HelbreathServer\Sources\Server\Game.cpp(5534,8): error C2664: 'void PutLogList(char *)': cannot convert argument 1 from 'const char [80]' to 'char *'
      C:\Users\ShadowEvil\source\repos2\New folder\HelbreathServer\Sources\Server\Game.cpp(5534,19):
      Conversion from string literal loses const qualifier (see /Zc:strictStrings)
      C:\Users\ShadowEvil\source\repos2\New folder\HelbreathServer\Sources\Server\winmain.h(11,6):
      see declaration of 'PutLogList'
      C:\Users\ShadowEvil\source\repos2\New folder\HelbreathServer\Sources\Server\Game.cpp(5534,8):
      while trying to match the argument list '(const char [80])'
  
C:\Users\ShadowEvil\source\repos2\New folder\HelbreathServer\Sources\Server\Game.cpp(5542,8): error C2664: 'void PutLogList(char *)': cannot convert argument 1 from 'const char [84]' to 'char *'
      C:\Users\ShadowEvil\source\repos2\New folder\HelbreathServer\Sources\Server\Game.cpp(5542,19):
      Conversion from string literal loses const qualifier (see /Zc:strictStrings)
      C:\Users\ShadowEvil\source\repos2\New folder\HelbreathServer\Sources\Server\winmain.h(11,6):
      see declaration of 'PutLogList'
      C:\Users\ShadowEvil\source\repos2\New folder\HelbreathServer\Sources\Server\Game.cpp(5542,8):
      while trying to match the argument list '(const char [84])'
  
C:\Users\ShadowEvil\source\repos2\New folder\HelbreathServer\Sources\Server\Game.cpp(5560,8): error C2664: 'void PutLogList(char *)': cannot convert argument 1 from 'const char [77]' to 'char *'
      C:\Users\ShadowEvil\source\repos2\New folder\HelbreathServer\Sources\Server\Game.cpp(5560,19):
      Conversion from string literal loses const qualifier (see /Zc:strictStrings)
      C:\Users\ShadowEvil\source\repos2\New folder\HelbreathServer\Sources\Server\winmain.h(11,6):
      see declaration of 'PutLogList'
      C:\Users\ShadowEvil\source\repos2\New folder\HelbreathServer\Sources\Server\Game.cpp(5560,8):
      while trying to match the argument list '(const char [77])'
  
C:\Users\ShadowEvil\source\repos2\New folder\HelbreathServer\Sources\Server\Game.cpp(5571,8): error C2664: 'void PutLogList(char *)': cannot convert argument 1 from 'const char [77]' to 'char *'
      C:\Users\ShadowEvil\source\repos2\New folder\HelbreathServer\Sources\Server\Game.cpp(5571,19):
      Conversion from string literal loses const qualifier (see /Zc:strictStrings)
      C:\Users\ShadowEvil\source\repos2\New folder\HelbreathServer\Sources\Server\winmain.h(11,6):
      see declaration of 'PutLogList'
      C:\Users\ShadowEvil\source\repos2\New folder\HelbreathServer\Sources\Server\Game.cpp(5571,8):
      while trying to match the argument list '(const char [77])'
  
C:\Users\ShadowEvil\source\repos2\New folder\HelbreathServer\Sources\Server\LoginServer.cpp(89,3): error C2664: 'void PutLogList(char *)': cannot convert argument 1 from 'const char [7]' to 'char *'
      C:\Users\ShadowEvil\source\repos2\New folder\HelbreathServer\Sources\Server\LoginServer.cpp(89,14):
      Conversion from string literal loses const qualifier (see /Zc:strictStrings)
      C:\Users\ShadowEvil\source\repos2\New folder\HelbreathServer\Sources\Server\winmain.h(11,6):
      see declaration of 'PutLogList'
      C:\Users\ShadowEvil\source\repos2\New folder\HelbreathServer\Sources\Server\LoginServer.cpp(89,3):
      while trying to match the argument list '(const char [7])'
  
C:\Users\ShadowEvil\source\repos2\New folder\HelbreathServer\Sources\Server\LoginServer.cpp(94,3): error C2664: 'void PutLogList(char *)': cannot convert argument 1 from 'const char [8]' to 'char *'
      C:\Users\ShadowEvil\source\repos2\New folder\HelbreathServer\Sources\Server\LoginServer.cpp(94,14):
      Conversion from string literal loses const qualifier (see /Zc:strictStrings)
      C:\Users\ShadowEvil\source\repos2\New folder\HelbreathServer\Sources\Server\winmain.h(11,6):
      see declaration of 'PutLogList'
      C:\Users\ShadowEvil\source\repos2\New folder\HelbreathServer\Sources\Server\LoginServer.cpp(94,3):
      while trying to match the argument list '(const char [8])'
  
C:\Users\ShadowEvil\source\repos2\New folder\HelbreathServer\Sources\Server\Game.cpp(5582,8): error C2664: 'void PutLogList(char *)': cannot convert argument 1 from 'const char [77]' to 'char *'
      C:\Users\ShadowEvil\source\repos2\New folder\HelbreathServer\Sources\Server\Game.cpp(5582,19):
      Conversion from string literal loses const qualifier (see /Zc:strictStrings)
      C:\Users\ShadowEvil\source\repos2\New folder\HelbreathServer\Sources\Server\winmain.h(11,6):
      see declaration of 'PutLogList'
      C:\Users\ShadowEvil\source\repos2\New folder\HelbreathServer\Sources\Server\Game.cpp(5582,8):
      while trying to match the argument list '(const char [77])'
  
C:\Users\ShadowEvil\source\repos2\New folder\HelbreathServer\Sources\Server\LoginServer.cpp(101,20): warning C4018: '<': signed/unsigned mismatch
C:\Users\ShadowEvil\source\repos2\New folder\HelbreathServer\Sources\Server\Game.cpp(5612,4): error C2664: 'void PutLogList(char *)': cannot convert argument 1 from 'const char [75]' to 'char *'
      C:\Users\ShadowEvil\source\repos2\New folder\HelbreathServer\Sources\Server\Game.cpp(5612,15):
      Conversion from string literal loses const qualifier (see /Zc:strictStrings)
      C:\Users\ShadowEvil\source\repos2\New folder\HelbreathServer\Sources\Server\winmain.h(11,6):
      see declaration of 'PutLogList'
      C:\Users\ShadowEvil\source\repos2\New folder\HelbreathServer\Sources\Server\Game.cpp(5612,4):
      while trying to match the argument list '(const char [75])'
  
C:\Users\ShadowEvil\source\repos2\New folder\HelbreathServer\Sources\Server\LoginServer.cpp(106,3): warning C4996: 'mkdir': The POSIX name for this item is deprecated. Instead, use the ISO C and C++ conformant name: _mkdir. See online help for details.
C:\Users\ShadowEvil\source\repos2\New folder\HelbreathServer\Sources\Server\LoginServer.cpp(287,6): error C2664: 'void PutLogList(char *)': cannot convert argument 1 from 'const char [19]' to 'char *'
      C:\Users\ShadowEvil\source\repos2\New folder\HelbreathServer\Sources\Server\LoginServer.cpp(287,17):
      Conversion from string literal loses const qualifier (see /Zc:strictStrings)
      C:\Users\ShadowEvil\source\repos2\New folder\HelbreathServer\Sources\Server\winmain.h(11,6):
      see declaration of 'PutLogList'
      C:\Users\ShadowEvil\source\repos2\New folder\HelbreathServer\Sources\Server\LoginServer.cpp(287,6):
      while trying to match the argument list '(const char [19])'
  
C:\Users\ShadowEvil\source\repos2\New folder\HelbreathServer\Sources\Server\LoginServer.cpp(307,6): error C2664: 'void PutLogList(char *)': cannot convert argument 1 from 'const char [15]' to 'char *'
      C:\Users\ShadowEvil\source\repos2\New folder\HelbreathServer\Sources\Server\LoginServer.cpp(307,17):
      Conversion from string literal loses const qualifier (see /Zc:strictStrings)
      C:\Users\ShadowEvil\source\repos2\New folder\HelbreathServer\Sources\Server\winmain.h(11,6):
      see declaration of 'PutLogList'
      C:\Users\ShadowEvil\source\repos2\New folder\HelbreathServer\Sources\Server\LoginServer.cpp(307,6):
      while trying to match the argument list '(const char [15])'
  
C:\Users\ShadowEvil\source\repos2\New folder\HelbreathServer\Sources\Server\LoginServer.cpp(325,6): error C2664: 'void PutLogList(char *)': cannot convert argument 1 from 'const char [35]' to 'char *'
      C:\Users\ShadowEvil\source\repos2\New folder\HelbreathServer\Sources\Server\LoginServer.cpp(325,17):
      Conversion from string literal loses const qualifier (see /Zc:strictStrings)
      C:\Users\ShadowEvil\source\repos2\New folder\HelbreathServer\Sources\Server\winmain.h(11,6):
      see declaration of 'PutLogList'
      C:\Users\ShadowEvil\source\repos2\New folder\HelbreathServer\Sources\Server\LoginServer.cpp(325,6):
      while trying to match the argument list '(const char [35])'
  
C:\Users\ShadowEvil\source\repos2\New folder\HelbreathServer\Sources\Server\LoginServer.cpp(356,2): error C2664: 'void PutLogList(char *)': cannot convert argument 1 from 'const char [15]' to 'char *'
      C:\Users\ShadowEvil\source\repos2\New folder\HelbreathServer\Sources\Server\LoginServer.cpp(356,13):
      Conversion from string literal loses const qualifier (see /Zc:strictStrings)
      C:\Users\ShadowEvil\source\repos2\New folder\HelbreathServer\Sources\Server\winmain.h(11,6):
      see declaration of 'PutLogList'
      C:\Users\ShadowEvil\source\repos2\New folder\HelbreathServer\Sources\Server\LoginServer.cpp(356,2):
      while trying to match the argument list '(const char [15])'
  
C:\Users\ShadowEvil\source\repos2\New folder\HelbreathServer\Sources\Server\Game.cpp(7652,2): warning C4996: 'itoa': The POSIX name for this item is deprecated. Instead, use the ISO C and C++ conformant name: _itoa. See online help for details.
C:\Users\ShadowEvil\source\repos2\New folder\HelbreathServer\Sources\Server\Game.cpp(7660,2): warning C4996: 'itoa': The POSIX name for this item is deprecated. Instead, use the ISO C and C++ conformant name: _itoa. See online help for details.
C:\Users\ShadowEvil\source\repos2\New folder\HelbreathServer\Sources\Server\Game.cpp(7664,2): warning C4996: 'itoa': The POSIX name for this item is deprecated. Instead, use the ISO C and C++ conformant name: _itoa. See online help for details.
C:\Users\ShadowEvil\source\repos2\New folder\HelbreathServer\Sources\Server\Game.cpp(7800,2): warning C4996: 'itoa': The POSIX name for this item is deprecated. Instead, use the ISO C and C++ conformant name: _itoa. See online help for details.
C:\Users\ShadowEvil\source\repos2\New folder\HelbreathServer\Sources\Server\Game.cpp(7804,2): warning C4996: 'itoa': The POSIX name for this item is deprecated. Instead, use the ISO C and C++ conformant name: _itoa. See online help for details.
C:\Users\ShadowEvil\source\repos2\New folder\HelbreathServer\Sources\Server\Game.cpp(7808,2): warning C4996: 'itoa': The POSIX name for this item is deprecated. Instead, use the ISO C and C++ conformant name: _itoa. See online help for details.
C:\Users\ShadowEvil\source\repos2\New folder\HelbreathServer\Sources\Server\Game.cpp(7812,2): warning C4996: 'itoa': The POSIX name for this item is deprecated. Instead, use the ISO C and C++ conformant name: _itoa. See online help for details.
C:\Users\ShadowEvil\source\repos2\New folder\HelbreathServer\Sources\Server\Game.cpp(7816,2): warning C4996: 'itoa': The POSIX name for this item is deprecated. Instead, use the ISO C and C++ conformant name: _itoa. See online help for details.
C:\Users\ShadowEvil\source\repos2\New folder\HelbreathServer\Sources\Server\Game.cpp(7935,2): warning C4996: 'itoa': The POSIX name for this item is deprecated. Instead, use the ISO C and C++ conformant name: _itoa. See online help for details.
C:\Users\ShadowEvil\source\repos2\New folder\HelbreathServer\Sources\Server\Game.cpp(7940,2): warning C4996: 'itoa': The POSIX name for this item is deprecated. Instead, use the ISO C and C++ conformant name: _itoa. See online help for details.
C:\Users\ShadowEvil\source\repos2\New folder\HelbreathServer\Sources\Server\Game.cpp(7944,2): warning C4996: 'itoa': The POSIX name for this item is deprecated. Instead, use the ISO C and C++ conformant name: _itoa. See online help for details.
C:\Users\ShadowEvil\source\repos2\New folder\HelbreathServer\Sources\Server\Game.cpp(7948,2): warning C4996: 'itoa': The POSIX name for this item is deprecated. Instead, use the ISO C and C++ conformant name: _itoa. See online help for details.
C:\Users\ShadowEvil\source\repos2\New folder\HelbreathServer\Sources\Server\Game.cpp(7953,2): warning C4996: 'itoa': The POSIX name for this item is deprecated. Instead, use the ISO C and C++ conformant name: _itoa. See online help for details.
C:\Users\ShadowEvil\source\repos2\New folder\HelbreathServer\Sources\Server\Game.cpp(7979,3): warning C4996: 'itoa': The POSIX name for this item is deprecated. Instead, use the ISO C and C++ conformant name: _itoa. See online help for details.
C:\Users\ShadowEvil\source\repos2\New folder\HelbreathServer\Sources\Server\Game.cpp(7982,3): warning C4996: 'itoa': The POSIX name for this item is deprecated. Instead, use the ISO C and C++ conformant name: _itoa. See online help for details.
C:\Users\ShadowEvil\source\repos2\New folder\HelbreathServer\Sources\Server\Game.cpp(7985,3): warning C4996: 'itoa': The POSIX name for this item is deprecated. Instead, use the ISO C and C++ conformant name: _itoa. See online help for details.
C:\Users\ShadowEvil\source\repos2\New folder\HelbreathServer\Sources\Server\Game.cpp(7988,3): warning C4996: 'itoa': The POSIX name for this item is deprecated. Instead, use the ISO C and C++ conformant name: _itoa. See online help for details.
C:\Users\ShadowEvil\source\repos2\New folder\HelbreathServer\Sources\Server\Game.cpp(7991,3): warning C4996: 'itoa': The POSIX name for this item is deprecated. Instead, use the ISO C and C++ conformant name: _itoa. See online help for details.
C:\Users\ShadowEvil\source\repos2\New folder\HelbreathServer\Sources\Server\Game.cpp(7994,3): warning C4996: 'itoa': The POSIX name for this item is deprecated. Instead, use the ISO C and C++ conformant name: _itoa. See online help for details.
C:\Users\ShadowEvil\source\repos2\New folder\HelbreathServer\Sources\Server\Game.cpp(7997,3): warning C4996: 'itoa': The POSIX name for this item is deprecated. Instead, use the ISO C and C++ conformant name: _itoa. See online help for details.
C:\Users\ShadowEvil\source\repos2\New folder\HelbreathServer\Sources\Server\Game.cpp(8000,3): warning C4996: 'itoa': The POSIX name for this item is deprecated. Instead, use the ISO C and C++ conformant name: _itoa. See online help for details.
C:\Users\ShadowEvil\source\repos2\New folder\HelbreathServer\Sources\Server\Game.cpp(8003,3): warning C4996: 'itoa': The POSIX name for this item is deprecated. Instead, use the ISO C and C++ conformant name: _itoa. See online help for details.
C:\Users\ShadowEvil\source\repos2\New folder\HelbreathServer\Sources\Server\Game.cpp(8006,3): warning C4996: 'itoa': The POSIX name for this item is deprecated. Instead, use the ISO C and C++ conformant name: _itoa. See online help for details.
C:\Users\ShadowEvil\source\repos2\New folder\HelbreathServer\Sources\Server\Game.cpp(8009,3): warning C4996: 'itoa': The POSIX name for this item is deprecated. Instead, use the ISO C and C++ conformant name: _itoa. See online help for details.
C:\Users\ShadowEvil\source\repos2\New folder\HelbreathServer\Sources\Server\Game.cpp(8030,3): warning C4996: 'itoa': The POSIX name for this item is deprecated. Instead, use the ISO C and C++ conformant name: _itoa. See online help for details.
C:\Users\ShadowEvil\source\repos2\New folder\HelbreathServer\Sources\Server\Game.cpp(8033,3): warning C4996: 'itoa': The POSIX name for this item is deprecated. Instead, use the ISO C and C++ conformant name: _itoa. See online help for details.
C:\Users\ShadowEvil\source\repos2\New folder\HelbreathServer\Sources\Server\Game.cpp(8036,3): warning C4996: 'itoa': The POSIX name for this item is deprecated. Instead, use the ISO C and C++ conformant name: _itoa. See online help for details.
C:\Users\ShadowEvil\source\repos2\New folder\HelbreathServer\Sources\Server\Game.cpp(8039,3): warning C4996: 'itoa': The POSIX name for this item is deprecated. Instead, use the ISO C and C++ conformant name: _itoa. See online help for details.
C:\Users\ShadowEvil\source\repos2\New folder\HelbreathServer\Sources\Server\Game.cpp(8042,3): warning C4996: 'itoa': The POSIX name for this item is deprecated. Instead, use the ISO C and C++ conformant name: _itoa. See online help for details.
C:\Users\ShadowEvil\source\repos2\New folder\HelbreathServer\Sources\Server\Game.cpp(8045,3): warning C4996: 'itoa': The POSIX name for this item is deprecated. Instead, use the ISO C and C++ conformant name: _itoa. See online help for details.
C:\Users\ShadowEvil\source\repos2\New folder\HelbreathServer\Sources\Server\Game.cpp(8048,3): warning C4996: 'itoa': The POSIX name for this item is deprecated. Instead, use the ISO C and C++ conformant name: _itoa. See online help for details.
C:\Users\ShadowEvil\source\repos2\New folder\HelbreathServer\Sources\Server\Game.cpp(8051,3): warning C4996: 'itoa': The POSIX name for this item is deprecated. Instead, use the ISO C and C++ conformant name: _itoa. See online help for details.
C:\Users\ShadowEvil\source\repos2\New folder\HelbreathServer\Sources\Server\Game.cpp(8054,3): warning C4996: 'itoa': The POSIX name for this item is deprecated. Instead, use the ISO C and C++ conformant name: _itoa. See online help for details.
C:\Users\ShadowEvil\source\repos2\New folder\HelbreathServer\Sources\Server\Game.cpp(8057,3): warning C4996: 'itoa': The POSIX name for this item is deprecated. Instead, use the ISO C and C++ conformant name: _itoa. See online help for details.
C:\Users\ShadowEvil\source\repos2\New folder\HelbreathServer\Sources\Server\Game.cpp(8060,3): warning C4996: 'itoa': The POSIX name for this item is deprecated. Instead, use the ISO C and C++ conformant name: _itoa. See online help for details.
C:\Users\ShadowEvil\source\repos2\New folder\HelbreathServer\Sources\Server\LoginServer.cpp(726,3): error C2664: 'void PutLogList(char *)': cannot convert argument 1 from 'const char [19]' to 'char *'
      C:\Users\ShadowEvil\source\repos2\New folder\HelbreathServer\Sources\Server\LoginServer.cpp(726,14):
      Conversion from string literal loses const qualifier (see /Zc:strictStrings)
      C:\Users\ShadowEvil\source\repos2\New folder\HelbreathServer\Sources\Server\winmain.h(11,6):
      see declaration of 'PutLogList'
      C:\Users\ShadowEvil\source\repos2\New folder\HelbreathServer\Sources\Server\LoginServer.cpp(726,3):
      while trying to match the argument list '(const char [19])'
  
C:\Users\ShadowEvil\source\repos2\New folder\HelbreathServer\Sources\Server\Game.cpp(8178,7): error C2664: 'void PutLogList(char *)': cannot convert argument 1 from 'const char [67]' to 'char *'
      C:\Users\ShadowEvil\source\repos2\New folder\HelbreathServer\Sources\Server\Game.cpp(8178,18):
      Conversion from string literal loses const qualifier (see /Zc:strictStrings)
      C:\Users\ShadowEvil\source\repos2\New folder\HelbreathServer\Sources\Server\winmain.h(11,6):
      see declaration of 'PutLogList'
      C:\Users\ShadowEvil\source\repos2\New folder\HelbreathServer\Sources\Server\Game.cpp(8178,7):
      while trying to match the argument list '(const char [67])'
  
C:\Users\ShadowEvil\source\repos2\New folder\HelbreathServer\Sources\Server\Game.cpp(8209,7): error C2664: 'void PutLogList(char *)': cannot convert argument 1 from 'const char [63]' to 'char *'
      C:\Users\ShadowEvil\source\repos2\New folder\HelbreathServer\Sources\Server\Game.cpp(8209,18):
      Conversion from string literal loses const qualifier (see /Zc:strictStrings)
      C:\Users\ShadowEvil\source\repos2\New folder\HelbreathServer\Sources\Server\winmain.h(11,6):
      see declaration of 'PutLogList'
      C:\Users\ShadowEvil\source\repos2\New folder\HelbreathServer\Sources\Server\Game.cpp(8209,7):
      while trying to match the argument list '(const char [63])'
  
C:\Users\ShadowEvil\source\repos2\New folder\HelbreathServer\Sources\Server\Game.cpp(8220,7): error C2664: 'void PutLogList(char *)': cannot convert argument 1 from 'const char [63]' to 'char *'
      C:\Users\ShadowEvil\source\repos2\New folder\HelbreathServer\Sources\Server\Game.cpp(8220,18):
      Conversion from string literal loses const qualifier (see /Zc:strictStrings)
      C:\Users\ShadowEvil\source\repos2\New folder\HelbreathServer\Sources\Server\winmain.h(11,6):
      see declaration of 'PutLogList'
      C:\Users\ShadowEvil\source\repos2\New folder\HelbreathServer\Sources\Server\Game.cpp(8220,7):
      while trying to match the argument list '(const char [63])'
  
C:\Users\ShadowEvil\source\repos2\New folder\HelbreathServer\Sources\Server\Game.cpp(8231,7): error C2664: 'void PutLogList(char *)': cannot convert argument 1 from 'const char [69]' to 'char *'
      C:\Users\ShadowEvil\source\repos2\New folder\HelbreathServer\Sources\Server\Game.cpp(8231,18):
      Conversion from string literal loses const qualifier (see /Zc:strictStrings)
      C:\Users\ShadowEvil\source\repos2\New folder\HelbreathServer\Sources\Server\winmain.h(11,6):
      see declaration of 'PutLogList'
      C:\Users\ShadowEvil\source\repos2\New folder\HelbreathServer\Sources\Server\Game.cpp(8231,7):
      while trying to match the argument list '(const char [69])'
  
C:\Users\ShadowEvil\source\repos2\New folder\HelbreathServer\Sources\Server\Game.cpp(8242,7): error C2664: 'void PutLogList(char *)': cannot convert argument 1 from 'const char [71]' to 'char *'
      C:\Users\ShadowEvil\source\repos2\New folder\HelbreathServer\Sources\Server\Game.cpp(8242,18):
      Conversion from string literal loses const qualifier (see /Zc:strictStrings)
      C:\Users\ShadowEvil\source\repos2\New folder\HelbreathServer\Sources\Server\winmain.h(11,6):
      see declaration of 'PutLogList'
      C:\Users\ShadowEvil\source\repos2\New folder\HelbreathServer\Sources\Server\Game.cpp(8242,7):
      while trying to match the argument list '(const char [71])'
  
C:\Users\ShadowEvil\source\repos2\New folder\HelbreathServer\Sources\Server\Game.cpp(8253,7): error C2664: 'void PutLogList(char *)': cannot convert argument 1 from 'const char [71]' to 'char *'
      C:\Users\ShadowEvil\source\repos2\New folder\HelbreathServer\Sources\Server\Game.cpp(8253,18):
      Conversion from string literal loses const qualifier (see /Zc:strictStrings)
      C:\Users\ShadowEvil\source\repos2\New folder\HelbreathServer\Sources\Server\winmain.h(11,6):
      see declaration of 'PutLogList'
      C:\Users\ShadowEvil\source\repos2\New folder\HelbreathServer\Sources\Server\Game.cpp(8253,7):
      while trying to match the argument list '(const char [71])'
  
C:\Users\ShadowEvil\source\repos2\New folder\HelbreathServer\Sources\Server\Game.cpp(8264,7): error C2664: 'void PutLogList(char *)': cannot convert argument 1 from 'const char [71]' to 'char *'
      C:\Users\ShadowEvil\source\repos2\New folder\HelbreathServer\Sources\Server\Game.cpp(8264,18):
      Conversion from string literal loses const qualifier (see /Zc:strictStrings)
      C:\Users\ShadowEvil\source\repos2\New folder\HelbreathServer\Sources\Server\winmain.h(11,6):
      see declaration of 'PutLogList'
      C:\Users\ShadowEvil\source\repos2\New folder\HelbreathServer\Sources\Server\Game.cpp(8264,7):
      while trying to match the argument list '(const char [71])'
  
C:\Users\ShadowEvil\source\repos2\New folder\HelbreathServer\Sources\Server\Game.cpp(8275,7): error C2664: 'void PutLogList(char *)': cannot convert argument 1 from 'const char [71]' to 'char *'
      C:\Users\ShadowEvil\source\repos2\New folder\HelbreathServer\Sources\Server\Game.cpp(8275,18):
      Conversion from string literal loses const qualifier (see /Zc:strictStrings)
      C:\Users\ShadowEvil\source\repos2\New folder\HelbreathServer\Sources\Server\winmain.h(11,6):
      see declaration of 'PutLogList'
      C:\Users\ShadowEvil\source\repos2\New folder\HelbreathServer\Sources\Server\Game.cpp(8275,7):
      while trying to match the argument list '(const char [71])'
  
C:\Users\ShadowEvil\source\repos2\New folder\HelbreathServer\Sources\Server\Game.cpp(8286,7): error C2664: 'void PutLogList(char *)': cannot convert argument 1 from 'const char [71]' to 'char *'
      C:\Users\ShadowEvil\source\repos2\New folder\HelbreathServer\Sources\Server\Game.cpp(8286,18):
      Conversion from string literal loses const qualifier (see /Zc:strictStrings)
      C:\Users\ShadowEvil\source\repos2\New folder\HelbreathServer\Sources\Server\winmain.h(11,6):
      see declaration of 'PutLogList'
      C:\Users\ShadowEvil\source\repos2\New folder\HelbreathServer\Sources\Server\Game.cpp(8286,7):
      while trying to match the argument list '(const char [71])'
  
C:\Users\ShadowEvil\source\repos2\New folder\HelbreathServer\Sources\Server\Game.cpp(8297,7): error C2664: 'void PutLogList(char *)': cannot convert argument 1 from 'const char [71]' to 'char *'
      C:\Users\ShadowEvil\source\repos2\New folder\HelbreathServer\Sources\Server\Game.cpp(8297,18):
      Conversion from string literal loses const qualifier (see /Zc:strictStrings)
      C:\Users\ShadowEvil\source\repos2\New folder\HelbreathServer\Sources\Server\winmain.h(11,6):
      see declaration of 'PutLogList'
      C:\Users\ShadowEvil\source\repos2\New folder\HelbreathServer\Sources\Server\Game.cpp(8297,7):
      while trying to match the argument list '(const char [71])'
  
C:\Users\ShadowEvil\source\repos2\New folder\HelbreathServer\Sources\Server\Game.cpp(8308,7): error C2664: 'void PutLogList(char *)': cannot convert argument 1 from 'const char [66]' to 'char *'
      C:\Users\ShadowEvil\source\repos2\New folder\HelbreathServer\Sources\Server\Game.cpp(8308,18):
      Conversion from string literal loses const qualifier (see /Zc:strictStrings)
      C:\Users\ShadowEvil\source\repos2\New folder\HelbreathServer\Sources\Server\winmain.h(11,6):
      see declaration of 'PutLogList'
      C:\Users\ShadowEvil\source\repos2\New folder\HelbreathServer\Sources\Server\Game.cpp(8308,7):
      while trying to match the argument list '(const char [66])'
  
C:\Users\ShadowEvil\source\repos2\New folder\HelbreathServer\Sources\Server\Game.cpp(8319,7): error C2664: 'void PutLogList(char *)': cannot convert argument 1 from 'const char [66]' to 'char *'
      C:\Users\ShadowEvil\source\repos2\New folder\HelbreathServer\Sources\Server\Game.cpp(8319,18):
      Conversion from string literal loses const qualifier (see /Zc:strictStrings)
      C:\Users\ShadowEvil\source\repos2\New folder\HelbreathServer\Sources\Server\winmain.h(11,6):
      see declaration of 'PutLogList'
      C:\Users\ShadowEvil\source\repos2\New folder\HelbreathServer\Sources\Server\Game.cpp(8319,7):
      while trying to match the argument list '(const char [66])'
  
C:\Users\ShadowEvil\source\repos2\New folder\HelbreathServer\Sources\Server\Game.cpp(8330,7): error C2664: 'void PutLogList(char *)': cannot convert argument 1 from 'const char [61]' to 'char *'
      C:\Users\ShadowEvil\source\repos2\New folder\HelbreathServer\Sources\Server\Game.cpp(8330,18):
      Conversion from string literal loses const qualifier (see /Zc:strictStrings)
      C:\Users\ShadowEvil\source\repos2\New folder\HelbreathServer\Sources\Server\winmain.h(11,6):
      see declaration of 'PutLogList'
      C:\Users\ShadowEvil\source\repos2\New folder\HelbreathServer\Sources\Server\Game.cpp(8330,7):
      while trying to match the argument list '(const char [61])'
  
C:\Users\ShadowEvil\source\repos2\New folder\HelbreathServer\Sources\Server\Game.cpp(8341,7): error C2664: 'void PutLogList(char *)': cannot convert argument 1 from 'const char [66]' to 'char *'
      C:\Users\ShadowEvil\source\repos2\New folder\HelbreathServer\Sources\Server\Game.cpp(8341,18):
      Conversion from string literal loses const qualifier (see /Zc:strictStrings)
      C:\Users\ShadowEvil\source\repos2\New folder\HelbreathServer\Sources\Server\winmain.h(11,6):
      see declaration of 'PutLogList'
      C:\Users\ShadowEvil\source\repos2\New folder\HelbreathServer\Sources\Server\Game.cpp(8341,7):
      while trying to match the argument list '(const char [66])'
  
C:\Users\ShadowEvil\source\repos2\New folder\HelbreathServer\Sources\Server\Game.cpp(8352,7): error C2664: 'void PutLogList(char *)': cannot convert argument 1 from 'const char [60]' to 'char *'
      C:\Users\ShadowEvil\source\repos2\New folder\HelbreathServer\Sources\Server\Game.cpp(8352,18):
      Conversion from string literal loses const qualifier (see /Zc:strictStrings)
      C:\Users\ShadowEvil\source\repos2\New folder\HelbreathServer\Sources\Server\winmain.h(11,6):
      see declaration of 'PutLogList'
      C:\Users\ShadowEvil\source\repos2\New folder\HelbreathServer\Sources\Server\Game.cpp(8352,7):
      while trying to match the argument list '(const char [60])'
  
C:\Users\ShadowEvil\source\repos2\New folder\HelbreathServer\Sources\Server\Game.cpp(8368,7): error C2664: 'void PutLogList(char *)': cannot convert argument 1 from 'const char [61]' to 'char *'
      C:\Users\ShadowEvil\source\repos2\New folder\HelbreathServer\Sources\Server\Game.cpp(8368,18):
      Conversion from string literal loses const qualifier (see /Zc:strictStrings)
      C:\Users\ShadowEvil\source\repos2\New folder\HelbreathServer\Sources\Server\winmain.h(11,6):
      see declaration of 'PutLogList'
      C:\Users\ShadowEvil\source\repos2\New folder\HelbreathServer\Sources\Server\Game.cpp(8368,7):
      while trying to match the argument list '(const char [61])'
  
C:\Users\ShadowEvil\source\repos2\New folder\HelbreathServer\Sources\Server\LoginServer.cpp(851,3): error C2664: 'void PutLogList(char *)': cannot convert argument 1 from 'const char [19]' to 'char *'
      C:\Users\ShadowEvil\source\repos2\New folder\HelbreathServer\Sources\Server\LoginServer.cpp(851,14):
      Conversion from string literal loses const qualifier (see /Zc:strictStrings)
      C:\Users\ShadowEvil\source\repos2\New folder\HelbreathServer\Sources\Server\winmain.h(11,6):
      see declaration of 'PutLogList'
      C:\Users\ShadowEvil\source\repos2\New folder\HelbreathServer\Sources\Server\LoginServer.cpp(851,3):
      while trying to match the argument list '(const char [19])'
  
C:\Users\ShadowEvil\source\repos2\New folder\HelbreathServer\Sources\Server\Game.cpp(8379,7): error C2664: 'void PutLogList(char *)': cannot convert argument 1 from 'const char [64]' to 'char *'
      C:\Users\ShadowEvil\source\repos2\New folder\HelbreathServer\Sources\Server\Game.cpp(8379,18):
      Conversion from string literal loses const qualifier (see /Zc:strictStrings)
      C:\Users\ShadowEvil\source\repos2\New folder\HelbreathServer\Sources\Server\winmain.h(11,6):
      see declaration of 'PutLogList'
      C:\Users\ShadowEvil\source\repos2\New folder\HelbreathServer\Sources\Server\Game.cpp(8379,7):
      while trying to match the argument list '(const char [64])'
  
C:\Users\ShadowEvil\source\repos2\New folder\HelbreathServer\Sources\Server\Game.cpp(8390,7): error C2664: 'void PutLogList(char *)': cannot convert argument 1 from 'const char [60]' to 'char *'
      C:\Users\ShadowEvil\source\repos2\New folder\HelbreathServer\Sources\Server\Game.cpp(8390,18):
      Conversion from string literal loses const qualifier (see /Zc:strictStrings)
      C:\Users\ShadowEvil\source\repos2\New folder\HelbreathServer\Sources\Server\winmain.h(11,6):
      see declaration of 'PutLogList'
      C:\Users\ShadowEvil\source\repos2\New folder\HelbreathServer\Sources\Server\Game.cpp(8390,7):
      while trying to match the argument list '(const char [60])'
  
C:\Users\ShadowEvil\source\repos2\New folder\HelbreathServer\Sources\Server\Game.cpp(8402,7): error C2664: 'void PutLogList(char *)': cannot convert argument 1 from 'const char [65]' to 'char *'
      C:\Users\ShadowEvil\source\repos2\New folder\HelbreathServer\Sources\Server\Game.cpp(8402,18):
      Conversion from string literal loses const qualifier (see /Zc:strictStrings)
      C:\Users\ShadowEvil\source\repos2\New folder\HelbreathServer\Sources\Server\winmain.h(11,6):
      see declaration of 'PutLogList'
      C:\Users\ShadowEvil\source\repos2\New folder\HelbreathServer\Sources\Server\Game.cpp(8402,7):
      while trying to match the argument list '(const char [65])'
  
C:\Users\ShadowEvil\source\repos2\New folder\HelbreathServer\Sources\Server\Game.cpp(8414,7): error C2664: 'void PutLogList(char *)': cannot convert argument 1 from 'const char [66]' to 'char *'
      C:\Users\ShadowEvil\source\repos2\New folder\HelbreathServer\Sources\Server\Game.cpp(8414,18):
      Conversion from string literal loses const qualifier (see /Zc:strictStrings)
      C:\Users\ShadowEvil\source\repos2\New folder\HelbreathServer\Sources\Server\winmain.h(11,6):
      see declaration of 'PutLogList'
      C:\Users\ShadowEvil\source\repos2\New folder\HelbreathServer\Sources\Server\Game.cpp(8414,7):
      while trying to match the argument list '(const char [66])'
  
C:\Users\ShadowEvil\source\repos2\New folder\HelbreathServer\Sources\Server\LoginServer.cpp(978,2): warning C4996: 'mkdir': The POSIX name for this item is deprecated. Instead, use the ISO C and C++ conformant name: _mkdir. See online help for details.
C:\Users\ShadowEvil\source\repos2\New folder\HelbreathServer\Sources\Server\Game.cpp(8426,7): error C2664: 'void PutLogList(char *)': cannot convert argument 1 from 'const char [66]' to 'char *'
      C:\Users\ShadowEvil\source\repos2\New folder\HelbreathServer\Sources\Server\Game.cpp(8426,18):
      Conversion from string literal loses const qualifier (see /Zc:strictStrings)
      C:\Users\ShadowEvil\source\repos2\New folder\HelbreathServer\Sources\Server\winmain.h(11,6):
      see declaration of 'PutLogList'
      C:\Users\ShadowEvil\source\repos2\New folder\HelbreathServer\Sources\Server\Game.cpp(8426,7):
      while trying to match the argument list '(const char [66])'
  
C:\Users\ShadowEvil\source\repos2\New folder\HelbreathServer\Sources\Server\Game.cpp(8438,7): error C2664: 'void PutLogList(char *)': cannot convert argument 1 from 'const char [65]' to 'char *'
      C:\Users\ShadowEvil\source\repos2\New folder\HelbreathServer\Sources\Server\Game.cpp(8438,18):
      Conversion from string literal loses const qualifier (see /Zc:strictStrings)
      C:\Users\ShadowEvil\source\repos2\New folder\HelbreathServer\Sources\Server\winmain.h(11,6):
      see declaration of 'PutLogList'
      C:\Users\ShadowEvil\source\repos2\New folder\HelbreathServer\Sources\Server\Game.cpp(8438,7):
      while trying to match the argument list '(const char [65])'
  
C:\Users\ShadowEvil\source\repos2\New folder\HelbreathServer\Sources\Server\LoginServer.cpp(1231,3): warning C4065: switch statement contains 'default' but no 'case' labels
C:\Users\ShadowEvil\source\repos2\New folder\HelbreathServer\Sources\Server\Game.cpp(8450,7): error C2664: 'void PutLogList(char *)': cannot convert argument 1 from 'const char [67]' to 'char *'
      C:\Users\ShadowEvil\source\repos2\New folder\HelbreathServer\Sources\Server\Game.cpp(8450,18):
      Conversion from string literal loses const qualifier (see /Zc:strictStrings)
      C:\Users\ShadowEvil\source\repos2\New folder\HelbreathServer\Sources\Server\winmain.h(11,6):
      see declaration of 'PutLogList'
      C:\Users\ShadowEvil\source\repos2\New folder\HelbreathServer\Sources\Server\Game.cpp(8450,7):
      while trying to match the argument list '(const char [67])'
  
C:\Users\ShadowEvil\source\repos2\New folder\HelbreathServer\Sources\Server\Game.cpp(8462,7): error C2664: 'void PutLogList(char *)': cannot convert argument 1 from 'const char [63]' to 'char *'
      C:\Users\ShadowEvil\source\repos2\New folder\HelbreathServer\Sources\Server\Game.cpp(8462,18):
      Conversion from string literal loses const qualifier (see /Zc:strictStrings)
      C:\Users\ShadowEvil\source\repos2\New folder\HelbreathServer\Sources\Server\winmain.h(11,6):
      see declaration of 'PutLogList'
      C:\Users\ShadowEvil\source\repos2\New folder\HelbreathServer\Sources\Server\Game.cpp(8462,7):
      while trying to match the argument list '(const char [63])'
  
C:\Users\ShadowEvil\source\repos2\New folder\HelbreathServer\Sources\Server\LoginServer.cpp(1311,2): error C2664: 'void PutLogList(char *)': cannot convert argument 1 from 'const char [34]' to 'char *'
      C:\Users\ShadowEvil\source\repos2\New folder\HelbreathServer\Sources\Server\LoginServer.cpp(1311,13):
      Conversion from string literal loses const qualifier (see /Zc:strictStrings)
      C:\Users\ShadowEvil\source\repos2\New folder\HelbreathServer\Sources\Server\winmain.h(11,6):
      see declaration of 'PutLogList'
      C:\Users\ShadowEvil\source\repos2\New folder\HelbreathServer\Sources\Server\LoginServer.cpp(1311,2):
      while trying to match the argument list '(const char [34])'
  
C:\Users\ShadowEvil\source\repos2\New folder\HelbreathServer\Sources\Server\Game.cpp(8474,7): error C2664: 'void PutLogList(char *)': cannot convert argument 1 from 'const char [63]' to 'char *'
      C:\Users\ShadowEvil\source\repos2\New folder\HelbreathServer\Sources\Server\Game.cpp(8474,18):
      Conversion from string literal loses const qualifier (see /Zc:strictStrings)
      C:\Users\ShadowEvil\source\repos2\New folder\HelbreathServer\Sources\Server\winmain.h(11,6):
      see declaration of 'PutLogList'
      C:\Users\ShadowEvil\source\repos2\New folder\HelbreathServer\Sources\Server\Game.cpp(8474,7):
      while trying to match the argument list '(const char [63])'
  
C:\Users\ShadowEvil\source\repos2\New folder\HelbreathServer\Sources\Server\Game.cpp(8512,3): error C2664: 'void PutLogList(char *)': cannot convert argument 1 from 'const char [62]' to 'char *'
      C:\Users\ShadowEvil\source\repos2\New folder\HelbreathServer\Sources\Server\Game.cpp(8512,14):
      Conversion from string literal loses const qualifier (see /Zc:strictStrings)
      C:\Users\ShadowEvil\source\repos2\New folder\HelbreathServer\Sources\Server\winmain.h(11,6):
      see declaration of 'PutLogList'
      C:\Users\ShadowEvil\source\repos2\New folder\HelbreathServer\Sources\Server\Game.cpp(8512,3):
      while trying to match the argument list '(const char [62])'
  
C:\Users\ShadowEvil\source\repos2\New folder\HelbreathServer\Sources\Server\Game.cpp(8844,49): warning C4244: '=': conversion from 'DWORD' to 'char', possible loss of data
C:\Users\ShadowEvil\source\repos2\New folder\HelbreathServer\Sources\Server\Game.cpp(8848,39): warning C4244: '=': conversion from 'DWORD' to 'char', possible loss of data
C:\Users\ShadowEvil\source\repos2\New folder\HelbreathServer\Sources\Server\Game.cpp(8870,31): warning C4309: '=': truncation of constant value
C:\Users\ShadowEvil\source\repos2\New folder\HelbreathServer\Sources\Server\Game.cpp(8945,65): warning C4244: 'argument': conversion from 'short' to 'char', possible loss of data
C:\Users\ShadowEvil\source\repos2\New folder\HelbreathServer\Sources\Server\Game.cpp(9528,10): error C2664: 'DWORD CGame::dwGetItemCount(int,char *)': cannot convert argument 2 from 'const char [5]' to 'char *'
      C:\Users\ShadowEvil\source\repos2\New folder\HelbreathServer\Sources\Server\Game.cpp(9528,35):
      Conversion from string literal loses const qualifier (see /Zc:strictStrings)
      C:\Users\ShadowEvil\source\repos2\New folder\HelbreathServer\Sources\Server\Game.h(721,8):
      see declaration of 'CGame::dwGetItemCount'
      C:\Users\ShadowEvil\source\repos2\New folder\HelbreathServer\Sources\Server\Game.cpp(9528,10):
      while trying to match the argument list '(int, const char [5])'
  
C:\Users\ShadowEvil\source\repos2\New folder\HelbreathServer\Sources\Server\Game.cpp(9529,37): error C2664: 'DWORD CGame::dwGetItemCount(int,char *)': cannot convert argument 2 from 'const char [5]' to 'char *'
      C:\Users\ShadowEvil\source\repos2\New folder\HelbreathServer\Sources\Server\Game.cpp(9529,62):
      Conversion from string literal loses const qualifier (see /Zc:strictStrings)
      C:\Users\ShadowEvil\source\repos2\New folder\HelbreathServer\Sources\Server\Game.h(721,8):
      see declaration of 'CGame::dwGetItemCount'
      C:\Users\ShadowEvil\source\repos2\New folder\HelbreathServer\Sources\Server\Game.cpp(9529,37):
      while trying to match the argument list '(int, const char [5])'
  
C:\Users\ShadowEvil\source\repos2\New folder\HelbreathServer\Sources\Server\Game.cpp(9529,6): error C2665: 'CGame::SetItemCount': no overloaded function could convert all the argument types
      C:\Users\ShadowEvil\source\repos2\New folder\HelbreathServer\Sources\Server\Game.h(720,7):
      could be 'int CGame::SetItemCount(int,int,DWORD)'
          C:\Users\ShadowEvil\source\repos2\New folder\HelbreathServer\Sources\Server\Game.cpp(9529,6):
          'int CGame::SetItemCount(int,int,DWORD)': cannot convert argument 2 from 'const char [5]' to 'int'
              C:\Users\ShadowEvil\source\repos2\New folder\HelbreathServer\Sources\Server\Game.cpp(9529,29):
              There is no context in which this conversion is possible
      C:\Users\ShadowEvil\source\repos2\New folder\HelbreathServer\Sources\Server\Game.h(719,7):
      or       'int CGame::SetItemCount(int,char *,DWORD)'
          C:\Users\ShadowEvil\source\repos2\New folder\HelbreathServer\Sources\Server\Game.cpp(9529,6):
          'int CGame::SetItemCount(int,char *,DWORD)': cannot convert argument 2 from 'const char [5]' to 'char *'
              C:\Users\ShadowEvil\source\repos2\New folder\HelbreathServer\Sources\Server\Game.cpp(9529,29):
              Conversion from string literal loses const qualifier (see /Zc:strictStrings)
      C:\Users\ShadowEvil\source\repos2\New folder\HelbreathServer\Sources\Server\Game.cpp(9529,6):
      while trying to match the argument list '(int, const char [5], _T)'
          with
          [
              _T=DWORD
          ]
  
C:\Users\ShadowEvil\source\repos2\New folder\HelbreathServer\Sources\Server\Game.cpp(9679,4): error C2664: 'void PutLogList(char *)': cannot convert argument 1 from 'const char [60]' to 'char *'
      C:\Users\ShadowEvil\source\repos2\New folder\HelbreathServer\Sources\Server\Game.cpp(9679,15):
      Conversion from string literal loses const qualifier (see /Zc:strictStrings)
      C:\Users\ShadowEvil\source\repos2\New folder\HelbreathServer\Sources\Server\winmain.h(11,6):
      see declaration of 'PutLogList'
      C:\Users\ShadowEvil\source\repos2\New folder\HelbreathServer\Sources\Server\Game.cpp(9679,4):
      while trying to match the argument list '(const char [60])'
  
C:\Users\ShadowEvil\source\repos2\New folder\HelbreathServer\Sources\Server\Game.cpp(9101,3): warning C4808: case '2' is not a valid value for switch condition of type 'bool'
C:\Users\ShadowEvil\source\repos2\New folder\HelbreathServer\Sources\Server\Game.cpp(9110,3): warning C4808: case '3' is not a valid value for switch condition of type 'bool'
C:\Users\ShadowEvil\source\repos2\New folder\HelbreathServer\Sources\Server\Game.cpp(9125,3): warning C4808: case '4' is not a valid value for switch condition of type 'bool'
C:\Users\ShadowEvil\source\repos2\New folder\HelbreathServer\Sources\Server\Game.cpp(9875,7): warning C4808: case '2' is not a valid value for switch condition of type 'bool'
C:\Users\ShadowEvil\source\repos2\New folder\HelbreathServer\Sources\Server\Game.cpp(9883,7): warning C4808: case '3' is not a valid value for switch condition of type 'bool'
C:\Users\ShadowEvil\source\repos2\New folder\HelbreathServer\Sources\Server\Game.cpp(9896,7): warning C4808: case '4' is not a valid value for switch condition of type 'bool'
C:\Users\ShadowEvil\source\repos2\New folder\HelbreathServer\Sources\Server\Game.cpp(10086,87): warning C4244: 'argument': conversion from 'short' to 'char', possible loss of data
C:\Users\ShadowEvil\source\repos2\New folder\HelbreathServer\Sources\Server\Game.cpp(11394,3): error C2664: 'void PutLogList(char *)': cannot convert argument 1 from 'const char [35]' to 'char *'
      C:\Users\ShadowEvil\source\repos2\New folder\HelbreathServer\Sources\Server\Game.cpp(11394,14):
      Conversion from string literal loses const qualifier (see /Zc:strictStrings)
      C:\Users\ShadowEvil\source\repos2\New folder\HelbreathServer\Sources\Server\winmain.h(11,6):
      see declaration of 'PutLogList'
      C:\Users\ShadowEvil\source\repos2\New folder\HelbreathServer\Sources\Server\Game.cpp(11394,3):
      while trying to match the argument list '(const char [35])'
  
C:\Users\ShadowEvil\source\repos2\New folder\HelbreathServer\Sources\Server\Game.cpp(11406,3): error C2664: 'void PutLogList(char *)': cannot convert argument 1 from 'const char [60]' to 'char *'
      C:\Users\ShadowEvil\source\repos2\New folder\HelbreathServer\Sources\Server\Game.cpp(11406,14):
      Conversion from string literal loses const qualifier (see /Zc:strictStrings)
      C:\Users\ShadowEvil\source\repos2\New folder\HelbreathServer\Sources\Server\winmain.h(11,6):
      see declaration of 'PutLogList'
      C:\Users\ShadowEvil\source\repos2\New folder\HelbreathServer\Sources\Server\Game.cpp(11406,3):
      while trying to match the argument list '(const char [60])'
  
C:\Users\ShadowEvil\source\repos2\New folder\HelbreathServer\Sources\Server\Game.cpp(11664,8): error C2664: 'void CGame::RequestTeleportHandler(int,char *,char *,int,int)': cannot convert argument 2 from 'const char [5]' to 'char *'
      C:\Users\ShadowEvil\source\repos2\New folder\HelbreathServer\Sources\Server\Game.cpp(11664,41):
      Conversion from string literal loses const qualifier (see /Zc:strictStrings)
      C:\Users\ShadowEvil\source\repos2\New folder\HelbreathServer\Sources\Server\Game.h(701,7):
      see declaration of 'CGame::RequestTeleportHandler'
      C:\Users\ShadowEvil\source\repos2\New folder\HelbreathServer\Sources\Server\Game.cpp(11664,8):
      while trying to match the argument list '(int, const char [5], const char [6], int, int)'
  
C:\Users\ShadowEvil\source\repos2\New folder\HelbreathServer\Sources\Server\Game.cpp(11667,7): error C2664: 'void CGame::RequestTeleportHandler(int,char *,char *,int,int)': cannot convert argument 2 from 'const char [5]' to 'char *'
      C:\Users\ShadowEvil\source\repos2\New folder\HelbreathServer\Sources\Server\Game.cpp(11667,40):
      Conversion from string literal loses const qualifier (see /Zc:strictStrings)
      C:\Users\ShadowEvil\source\repos2\New folder\HelbreathServer\Sources\Server\Game.h(701,7):
      see declaration of 'CGame::RequestTeleportHandler'
      C:\Users\ShadowEvil\source\repos2\New folder\HelbreathServer\Sources\Server\Game.cpp(11667,7):
      while trying to match the argument list '(int, const char [5], const char [6], int, int)'
  
C:\Users\ShadowEvil\source\repos2\New folder\HelbreathServer\Sources\Server\Game.cpp(12040,3): error C2664: 'void CGame::RequestSetGuildTeleportLocHandler(int,int,int,int,char *)': cannot convert argument 5 from 'const char [11]' to 'char *'
      C:\Users\ShadowEvil\source\repos2\New folder\HelbreathServer\Sources\Server\Game.cpp(12040,96):
      Conversion from string literal loses const qualifier (see /Zc:strictStrings)
      C:\Users\ShadowEvil\source\repos2\New folder\HelbreathServer\Sources\Server\Game.h(379,7):
      see declaration of 'CGame::RequestSetGuildTeleportLocHandler'
      C:\Users\ShadowEvil\source\repos2\New folder\HelbreathServer\Sources\Server\Game.cpp(12040,3):
      while trying to match the argument list '(int, int, int, int, const char [11])'
  
C:\Users\ShadowEvil\source\repos2\New folder\HelbreathServer\Sources\Server\Game.cpp(12578,93): warning C4018: '>': signed/unsigned mismatch
C:\Users\ShadowEvil\source\repos2\New folder\HelbreathServer\Sources\Server\Game.cpp(12582,78): warning C4018: '>': signed/unsigned mismatch
C:\Users\ShadowEvil\source\repos2\New folder\HelbreathServer\Sources\Server\Game.cpp(13542,18): error C2664: 'DWORD CGame::dwGetItemCount(int,char *)': cannot convert argument 2 from 'const char [5]' to 'char *'
      C:\Users\ShadowEvil\source\repos2\New folder\HelbreathServer\Sources\Server\Game.cpp(13542,43):
      Conversion from string literal loses const qualifier (see /Zc:strictStrings)
      C:\Users\ShadowEvil\source\repos2\New folder\HelbreathServer\Sources\Server\Game.h(721,8):
      see declaration of 'CGame::dwGetItemCount'
      C:\Users\ShadowEvil\source\repos2\New folder\HelbreathServer\Sources\Server\Game.cpp(13542,18):
      while trying to match the argument list '(int, const char [5])'
  
C:\Users\ShadowEvil\source\repos2\New folder\HelbreathServer\Sources\Server\Game.cpp(13651,19): error C2665: 'CGame::SetItemCount': no overloaded function could convert all the argument types
      C:\Users\ShadowEvil\source\repos2\New folder\HelbreathServer\Sources\Server\Game.h(720,7):
      could be 'int CGame::SetItemCount(int,int,DWORD)'
          C:\Users\ShadowEvil\source\repos2\New folder\HelbreathServer\Sources\Server\Game.cpp(13651,19):
          'int CGame::SetItemCount(int,int,DWORD)': cannot convert argument 2 from 'const char [5]' to 'int'
              C:\Users\ShadowEvil\source\repos2\New folder\HelbreathServer\Sources\Server\Game.cpp(13651,42):
              There is no context in which this conversion is possible
      C:\Users\ShadowEvil\source\repos2\New folder\HelbreathServer\Sources\Server\Game.h(719,7):
      or       'int CGame::SetItemCount(int,char *,DWORD)'
          C:\Users\ShadowEvil\source\repos2\New folder\HelbreathServer\Sources\Server\Game.cpp(13651,19):
          'int CGame::SetItemCount(int,char *,DWORD)': cannot convert argument 2 from 'const char [5]' to 'char *'
              C:\Users\ShadowEvil\source\repos2\New folder\HelbreathServer\Sources\Server\Game.cpp(13651,42):
              Conversion from string literal loses const qualifier (see /Zc:strictStrings)
      C:\Users\ShadowEvil\source\repos2\New folder\HelbreathServer\Sources\Server\Game.cpp(13651,19):
      while trying to match the argument list '(int, const char [5], DWORD)'
  
C:\Users\ShadowEvil\source\repos2\New folder\HelbreathServer\Sources\Server\Game.cpp(13715,3): error C2664: 'void PutLogList(char *)': cannot convert argument 1 from 'const char [41]' to 'char *'
      C:\Users\ShadowEvil\source\repos2\New folder\HelbreathServer\Sources\Server\Game.cpp(13715,14):
      Conversion from string literal loses const qualifier (see /Zc:strictStrings)
      C:\Users\ShadowEvil\source\repos2\New folder\HelbreathServer\Sources\Server\winmain.h(11,6):
      see declaration of 'PutLogList'
      C:\Users\ShadowEvil\source\repos2\New folder\HelbreathServer\Sources\Server\Game.cpp(13715,3):
      while trying to match the argument list '(const char [41])'
  
C:\Users\ShadowEvil\source\repos2\New folder\HelbreathServer\Sources\Server\Game.cpp(14361,9): warning C4244: '=': conversion from 'DWORD' to 'char', possible loss of data
C:\Users\ShadowEvil\source\repos2\New folder\HelbreathServer\Sources\Server\Game.cpp(14365,9): warning C4244: '=': conversion from 'DWORD' to 'char', possible loss of data
C:\Users\ShadowEvil\source\repos2\New folder\HelbreathServer\Sources\Server\Game.cpp(14542,9): warning C4244: '=': conversion from 'DWORD' to 'short', possible loss of data
C:\Users\ShadowEvil\source\repos2\New folder\HelbreathServer\Sources\Server\Game.cpp(16483,7): error C2664: 'void PutLogList(char *)': cannot convert argument 1 from 'const char [72]' to 'char *'
      C:\Users\ShadowEvil\source\repos2\New folder\HelbreathServer\Sources\Server\Game.cpp(16483,18):
      Conversion from string literal loses const qualifier (see /Zc:strictStrings)
      C:\Users\ShadowEvil\source\repos2\New folder\HelbreathServer\Sources\Server\winmain.h(11,6):
      see declaration of 'PutLogList'
      C:\Users\ShadowEvil\source\repos2\New folder\HelbreathServer\Sources\Server\Game.cpp(16483,7):
      while trying to match the argument list '(const char [72])'
  
C:\Users\ShadowEvil\source\repos2\New folder\HelbreathServer\Sources\Server\Game.cpp(16483,7): error C1003: error count exceeds 100; stopping compilation
C:\Users\ShadowEvil\source\repos2\New folder\HelbreathServer\Sources\Server\Game.h(220,14): error C2039: 'any_of': is not a member of 'std'
  (compiling source file 'wmain.cpp')
      C:\Program Files\Microsoft Visual Studio\18\Community\VC\Tools\MSVC\14.44.35207\include\fstream(20,1):
      see declaration of 'std'
  
C:\Users\ShadowEvil\source\repos2\New folder\HelbreathServer\Sources\Server\XSocket.cpp(436,15): warning C4244: '=': conversion from 'DWORD' to 'WORD', possible loss of data
C:\Users\ShadowEvil\source\repos2\New folder\HelbreathServer\Sources\Server\XSocket.cpp(441,17): warning C4018: '<': signed/unsigned mismatch
C:\Users\ShadowEvil\source\repos2\New folder\HelbreathServer\Sources\Server\XSocket.cpp(443,43): warning C4244: '=': conversion from 'DWORD' to 'char', possible loss of data
C:\Users\ShadowEvil\source\repos2\New folder\HelbreathServer\Sources\Server\XSocket.cpp(565,17): warning C4018: '<': signed/unsigned mismatch
C:\Users\ShadowEvil\source\repos2\New folder\HelbreathServer\Sources\Server\XSocket.cpp(566,43): warning C4244: '=': conversion from 'DWORD' to 'char', possible loss of data
C:\Users\ShadowEvil\source\repos2\New folder\HelbreathServer\Sources\Server\wmain.cpp(445,23): warning C4477: 'sprintf' : format string '%d' requires an argument of type 'int', but variadic argument 1 has type 'HINSTANCE'
C:\Users\ShadowEvil\source\repos2\New folder\HelbreathServer\Sources\Server\wmain.cpp(549,3): error C2664: 'void PutLogList(char *)': cannot convert argument 1 from 'const char [15]' to 'char *'
      C:\Users\ShadowEvil\source\repos2\New folder\HelbreathServer\Sources\Server\wmain.cpp(549,14):
      Conversion from string literal loses const qualifier (see /Zc:strictStrings)
      C:\Users\ShadowEvil\source\repos2\New folder\HelbreathServer\Sources\Server\winmain.h(11,6):
      see declaration of 'PutLogList'
      C:\Users\ShadowEvil\source\repos2\New folder\HelbreathServer\Sources\Server\wmain.cpp(549,3):
      while trying to match the argument list '(const char [15])'
  
C:\Users\ShadowEvil\source\repos2\New folder\HelbreathServer\Sources\Server\wmain.cpp(579,3): warning C4150: deletion of pointer to incomplete type 'LoginServer'; no destructor called
      C:\Users\ShadowEvil\source\repos2\New folder\HelbreathServer\Sources\Server\wmain.cpp(50,7):
      see declaration of 'LoginServer'
  
C:\Users\ShadowEvil\source\repos2\New folder\HelbreathServer\Sources\Server\Game.h(220,14): error C2039: 'any_of': is not a member of 'std'
  (compiling source file 'CrusadeCore.cpp')
      C:\Program Files\Microsoft Visual Studio\18\Community\VC\Tools\MSVC\14.44.35207\include\fstream(20,1):
      see declaration of 'std'
  
C:\Users\ShadowEvil\source\repos2\New folder\HelbreathServer\Sources\Server\CrusadeCore.cpp(12,1): error C2512: 'CGame': no appropriate default constructor available
      C:\Users\ShadowEvil\source\repos2\New folder\HelbreathServer\Sources\Server\Game.h(294,7):
      see declaration of 'CGame'
  
